+ cd /home/infres/ttran-25/eegfm
+ CONDA_PATH=/home/infres/ttran-25/miniconda3
+ source /home/infres/ttran-25/miniconda3/bin/activate
++ _CONDA_ROOT=/home/infres/ttran-25/miniconda3
++ . /home/infres/ttran-25/miniconda3/etc/profile.d/conda.sh
+++ export CONDA_EXE=/home/infres/ttran-25/miniconda3/bin/conda
+++ CONDA_EXE=/home/infres/ttran-25/miniconda3/bin/conda
+++ export _CONDA_EXE=/home/infres/ttran-25/miniconda3/bin/conda
+++ _CONDA_EXE=/home/infres/ttran-25/miniconda3/bin/conda
+++ export _CE_M=
+++ _CE_M=
+++ export _CE_CONDA=
+++ _CE_CONDA=
+++ export CONDA_PYTHON_EXE=/home/infres/ttran-25/miniconda3/bin/python
+++ CONDA_PYTHON_EXE=/home/infres/ttran-25/miniconda3/bin/python
+++ export _CONDA_ROOT=/home/infres/ttran-25/miniconda3
+++ _CONDA_ROOT=/home/infres/ttran-25/miniconda3
+++ '[' -z x ']'
++ conda activate
++ local cmd=activate
++ case "$cmd" in
++ __conda_activate activate
++ '[' -n '' ']'
++ local ask_conda
+++ PS1=
+++ __conda_exe shell.posix activate
+++ '[' -n '' ']'
+++ /home/infres/ttran-25/miniconda3/bin/conda shell.posix activate
++ ask_conda='export _CE_M='\'''\''
export _CE_CONDA='\'''\''
PS1='\''(base) '\''
export PATH='\''/home/infres/ttran-25/.local/bin:/home/infres/ttran-25/miniconda3/bin:/home/infres/ttran-25/miniconda3/condabin:/usr/local/sbin:/usr/local/bin:/usr/sbin:/usr/bin:/sbin:/bin:/usr/games:/usr/local/games:/snap/bin'\''
export CONDA_SHLVL='\''1'\''
export CONDA_PROMPT_MODIFIER='\''(base) '\''
export CONDA_EXE='\''/home/infres/ttran-25/miniconda3/bin/conda'\''
export _CONDA_EXE='\''/home/infres/ttran-25/miniconda3/bin/conda'\''
export CONDA_PYTHON_EXE='\''/home/infres/ttran-25/miniconda3/bin/python'\''
export _CONDA_ROOT='\''/home/infres/ttran-25/miniconda3'\'''
++ eval 'export _CE_M='\'''\''
export _CE_CONDA='\'''\''
PS1='\''(base) '\''
export PATH='\''/home/infres/ttran-25/.local/bin:/home/infres/ttran-25/miniconda3/bin:/home/infres/ttran-25/miniconda3/condabin:/usr/local/sbin:/usr/local/bin:/usr/sbin:/usr/bin:/sbin:/bin:/usr/games:/usr/local/games:/snap/bin'\''
export CONDA_SHLVL='\''1'\''
export CONDA_PROMPT_MODIFIER='\''(base) '\''
export CONDA_EXE='\''/home/infres/ttran-25/miniconda3/bin/conda'\''
export _CONDA_EXE='\''/home/infres/ttran-25/miniconda3/bin/conda'\''
export CONDA_PYTHON_EXE='\''/home/infres/ttran-25/miniconda3/bin/python'\''
export _CONDA_ROOT='\''/home/infres/ttran-25/miniconda3'\'''
+++ export _CE_M=
+++ _CE_M=
+++ export _CE_CONDA=
+++ _CE_CONDA=
+++ PS1='(base) '
+++ export PATH=/home/infres/ttran-25/.local/bin:/home/infres/ttran-25/miniconda3/bin:/home/infres/ttran-25/miniconda3/condabin:/usr/local/sbin:/usr/local/bin:/usr/sbin:/usr/bin:/sbin:/bin:/usr/games:/usr/local/games:/snap/bin
+++ PATH=/home/infres/ttran-25/.local/bin:/home/infres/ttran-25/miniconda3/bin:/home/infres/ttran-25/miniconda3/condabin:/usr/local/sbin:/usr/local/bin:/usr/sbin:/usr/bin:/sbin:/bin:/usr/games:/usr/local/games:/snap/bin
+++ export CONDA_SHLVL=1
+++ CONDA_SHLVL=1
+++ export 'CONDA_PROMPT_MODIFIER=(base) '
+++ CONDA_PROMPT_MODIFIER='(base) '
+++ export CONDA_EXE=/home/infres/ttran-25/miniconda3/bin/conda
+++ CONDA_EXE=/home/infres/ttran-25/miniconda3/bin/conda
+++ export _CONDA_EXE=/home/infres/ttran-25/miniconda3/bin/conda
+++ _CONDA_EXE=/home/infres/ttran-25/miniconda3/bin/conda
+++ export CONDA_PYTHON_EXE=/home/infres/ttran-25/miniconda3/bin/python
+++ CONDA_PYTHON_EXE=/home/infres/ttran-25/miniconda3/bin/python
+++ export _CONDA_ROOT=/home/infres/ttran-25/miniconda3
+++ _CONDA_ROOT=/home/infres/ttran-25/miniconda3
++ __conda_hashr
++ '[' -n '' ']'
++ '[' -n '' ']'
++ hash -r
+ conda activate eegpt
+ local cmd=activate
+ case "$cmd" in
+ __conda_activate activate eegpt
+ '[' -n '' ']'
+ local ask_conda
++ PS1='(base) '
++ __conda_exe shell.posix activate eegpt
++ '[' -n '' ']'
++ /home/infres/ttran-25/miniconda3/bin/conda shell.posix activate eegpt
+ ask_conda='export _CE_M='\'''\''
export _CE_CONDA='\'''\''
PS1='\''(eegpt) '\''
export PATH='\''/home/infres/ttran-25/.local/bin:/home/infres/ttran-25/miniconda3/envs/eegpt/bin:/home/infres/ttran-25/miniconda3/condabin:/usr/local/sbin:/usr/local/bin:/usr/sbin:/usr/bin:/sbin:/bin:/usr/games:/usr/local/games:/snap/bin'\''
export CONDA_PREFIX='\''/home/infres/ttran-25/miniconda3/envs/eegpt'\''
export CONDA_SHLVL='\''2'\''
export CONDA_DEFAULT_ENV='\''eegpt'\''
export CONDA_PROMPT_MODIFIER='\''(eegpt) '\''
export CONDA_PREFIX_1='\''/home/infres/ttran-25/miniconda3'\''
export CONDA_EXE='\''/home/infres/ttran-25/miniconda3/bin/conda'\''
export _CONDA_EXE='\''/home/infres/ttran-25/miniconda3/bin/conda'\''
export CONDA_PYTHON_EXE='\''/home/infres/ttran-25/miniconda3/bin/python'\''
export _CONDA_ROOT='\''/home/infres/ttran-25/miniconda3'\''
. "/home/infres/ttran-25/miniconda3/envs/eegpt/etc/conda/activate.d/activate.sh"
. "/home/infres/ttran-25/miniconda3/envs/eegpt/etc/conda/activate.d/libglib_activate.sh"
. "/home/infres/ttran-25/miniconda3/envs/eegpt/etc/conda/activate.d/tesseract_activate.sh"'
+ eval 'export _CE_M='\'''\''
export _CE_CONDA='\'''\''
PS1='\''(eegpt) '\''
export PATH='\''/home/infres/ttran-25/.local/bin:/home/infres/ttran-25/miniconda3/envs/eegpt/bin:/home/infres/ttran-25/miniconda3/condabin:/usr/local/sbin:/usr/local/bin:/usr/sbin:/usr/bin:/sbin:/bin:/usr/games:/usr/local/games:/snap/bin'\''
export CONDA_PREFIX='\''/home/infres/ttran-25/miniconda3/envs/eegpt'\''
export CONDA_SHLVL='\''2'\''
export CONDA_DEFAULT_ENV='\''eegpt'\''
export CONDA_PROMPT_MODIFIER='\''(eegpt) '\''
export CONDA_PREFIX_1='\''/home/infres/ttran-25/miniconda3'\''
export CONDA_EXE='\''/home/infres/ttran-25/miniconda3/bin/conda'\''
export _CONDA_EXE='\''/home/infres/ttran-25/miniconda3/bin/conda'\''
export CONDA_PYTHON_EXE='\''/home/infres/ttran-25/miniconda3/bin/python'\''
export _CONDA_ROOT='\''/home/infres/ttran-25/miniconda3'\''
. "/home/infres/ttran-25/miniconda3/envs/eegpt/etc/conda/activate.d/activate.sh"
. "/home/infres/ttran-25/miniconda3/envs/eegpt/etc/conda/activate.d/libglib_activate.sh"
. "/home/infres/ttran-25/miniconda3/envs/eegpt/etc/conda/activate.d/tesseract_activate.sh"'
++ export _CE_M=
++ _CE_M=
++ export _CE_CONDA=
++ _CE_CONDA=
++ PS1='(eegpt) '
++ export PATH=/home/infres/ttran-25/.local/bin:/home/infres/ttran-25/miniconda3/envs/eegpt/bin:/home/infres/ttran-25/miniconda3/condabin:/usr/local/sbin:/usr/local/bin:/usr/sbin:/usr/bin:/sbin:/bin:/usr/games:/usr/local/games:/snap/bin
++ PATH=/home/infres/ttran-25/.local/bin:/home/infres/ttran-25/miniconda3/envs/eegpt/bin:/home/infres/ttran-25/miniconda3/condabin:/usr/local/sbin:/usr/local/bin:/usr/sbin:/usr/bin:/sbin:/bin:/usr/games:/usr/local/games:/snap/bin
++ export CONDA_PREFIX=/home/infres/ttran-25/miniconda3/envs/eegpt
++ CONDA_PREFIX=/home/infres/ttran-25/miniconda3/envs/eegpt
++ export CONDA_SHLVL=2
++ CONDA_SHLVL=2
++ export CONDA_DEFAULT_ENV=eegpt
++ CONDA_DEFAULT_ENV=eegpt
++ export 'CONDA_PROMPT_MODIFIER=(eegpt) '
++ CONDA_PROMPT_MODIFIER='(eegpt) '
++ export CONDA_PREFIX_1=/home/infres/ttran-25/miniconda3
++ CONDA_PREFIX_1=/home/infres/ttran-25/miniconda3
++ export CONDA_EXE=/home/infres/ttran-25/miniconda3/bin/conda
++ CONDA_EXE=/home/infres/ttran-25/miniconda3/bin/conda
++ export _CONDA_EXE=/home/infres/ttran-25/miniconda3/bin/conda
++ _CONDA_EXE=/home/infres/ttran-25/miniconda3/bin/conda
++ export CONDA_PYTHON_EXE=/home/infres/ttran-25/miniconda3/bin/python
++ CONDA_PYTHON_EXE=/home/infres/ttran-25/miniconda3/bin/python
++ export _CONDA_ROOT=/home/infres/ttran-25/miniconda3
++ _CONDA_ROOT=/home/infres/ttran-25/miniconda3
++ . /home/infres/ttran-25/miniconda3/envs/eegpt/etc/conda/activate.d/activate.sh
+++ export __EGL_VENDOR_LIBRARY_DIRS=/home/infres/ttran-25/miniconda3/envs/eegpt/share/glvnd/egl_vendor.d
+++ __EGL_VENDOR_LIBRARY_DIRS=/home/infres/ttran-25/miniconda3/envs/eegpt/share/glvnd/egl_vendor.d
++ . /home/infres/ttran-25/miniconda3/envs/eegpt/etc/conda/activate.d/libglib_activate.sh
+++ export GSETTINGS_SCHEMA_DIR_CONDA_BACKUP=
+++ GSETTINGS_SCHEMA_DIR_CONDA_BACKUP=
+++ export GSETTINGS_SCHEMA_DIR=/home/infres/ttran-25/miniconda3/envs/eegpt/share/glib-2.0/schemas
+++ GSETTINGS_SCHEMA_DIR=/home/infres/ttran-25/miniconda3/envs/eegpt/share/glib-2.0/schemas
++ . /home/infres/ttran-25/miniconda3/envs/eegpt/etc/conda/activate.d/tesseract_activate.sh
+++ export TESSDATA_PREFIX=/home/infres/ttran-25/miniconda3/envs/eegpt/share/tessdata/
+++ TESSDATA_PREFIX=/home/infres/ttran-25/miniconda3/envs/eegpt/share/tessdata/
+ __conda_hashr
+ '[' -n '' ']'
+ '[' -n '' ']'
+ hash -r
+ nvidia-smi
+ srun python -m src.pretrain --config-name config_cbramod_test
/home/infres/ttran-25/miniconda3/envs/eegpt/lib/python3.10/site-packages/lightning/fabric/__init__.py:36: UserWarning: pkg_resources is deprecated as an API. See https://setuptools.pypa.io/en/latest/pkg_resources.html. The pkg_resources package is slated for removal as early as 2025-11-30. Refrain from using this package or pin to Setuptools<81.
  __import__("pkg_resources").declare_namespace(__name__)
[rank: 0] Global seed set to 42
Missing logger folder: /home/infres/ttran-25/eegfm/outputs_pretrain/synthetic/cbramod/2026-05-19/17-18-32/tb_logs
GPU available: True (cuda), used: True
TPU available: False, using: 0 TPU cores
IPU available: False, using: 0 IPUs
HPU available: False, using: 0 HPUs
LOCAL_RANK: 0 - CUDA_VISIBLE_DEVICES: [0]
Loading `train_dataloader` to estimate number of stepping batches.

  | Name  | Type       | Params
-------------------------------------
0 | model | CBraMod    | 3.0 M 
1 | tasks | ModuleDict | 3.3 M 
-------------------------------------
3.3 M     Trainable params
200       Non-trainable params
3.3 M     Total params
13.384    Total estimated model params size (MB)
SLURM auto-requeueing enabled. Setting signal handlers.
Epoch 0, global step 64: 'valid_loss' reached 2.47302 (best 2.47302), saving model to '/home/infres/ttran-25/eegfm/outputs_pretrain/synthetic/cbramod/2026-05-19/17-18-32/checkpoints/best-epoch=0-valid_loss=2.4730.ckpt' as top 1
Epoch 1, global step 128: 'valid_loss' reached 2.06478 (best 2.06478), saving model to '/home/infres/ttran-25/eegfm/outputs_pretrain/synthetic/cbramod/2026-05-19/17-18-32/checkpoints/best-epoch=1-valid_loss=2.0648.ckpt' as top 1
Epoch 2, global step 192: 'valid_loss' was not in top 1
Epoch 3, global step 256: 'valid_loss' reached 1.83352 (best 1.83352), saving model to '/home/infres/ttran-25/eegfm/outputs_pretrain/synthetic/cbramod/2026-05-19/17-18-32/checkpoints/best-epoch=3-valid_loss=1.8335.ckpt' as top 1
Epoch 4, global step 320: 'valid_loss' reached 1.76730 (best 1.76730), saving model to '/home/infres/ttran-25/eegfm/outputs_pretrain/synthetic/cbramod/2026-05-19/17-18-32/checkpoints/best-epoch=4-valid_loss=1.7673.ckpt' as top 1
`Trainer.fit` stopped: `max_epochs=5` reached.
