+ cd /home/infres/ttran-25/eegfm
+ CONDA_PATH=/home/infres/ttran-25/miniconda3
+ source /home/infres/ttran-25/miniconda3/bin/activate
++ _CONDA_ROOT=/home/infres/ttran-25/miniconda3
++ . /home/infres/ttran-25/miniconda3/etc/profile.d/conda.sh
+++ export CONDA_EXE=/home/infres/ttran-25/miniconda3/bin/conda
+++ CONDA_EXE=/home/infres/ttran-25/miniconda3/bin/conda
+++ export _CONDA_EXE=/home/infres/ttran-25/miniconda3/bin/conda
+++ _CONDA_EXE=/home/infres/ttran-25/miniconda3/bin/conda
+++ export _CE_M=
+++ _CE_M=
+++ export _CE_CONDA=
+++ _CE_CONDA=
+++ export CONDA_PYTHON_EXE=/home/infres/ttran-25/miniconda3/bin/python
+++ CONDA_PYTHON_EXE=/home/infres/ttran-25/miniconda3/bin/python
+++ export _CONDA_ROOT=/home/infres/ttran-25/miniconda3
+++ _CONDA_ROOT=/home/infres/ttran-25/miniconda3
+++ '[' -z x ']'
++ conda activate
++ local cmd=activate
++ case "$cmd" in
++ __conda_activate activate
++ '[' -n '' ']'
++ local ask_conda
+++ PS1=
+++ __conda_exe shell.posix activate
+++ '[' -n '' ']'
+++ /home/infres/ttran-25/miniconda3/bin/conda shell.posix activate
++ ask_conda='. "/home/infres/ttran-25/miniconda3/envs/eegpt/etc/conda/deactivate.d/tesseract_deactivate.sh"
. "/home/infres/ttran-25/miniconda3/envs/eegpt/etc/conda/deactivate.d/libglib_deactivate.sh"
. "/home/infres/ttran-25/miniconda3/envs/eegpt/etc/conda/deactivate.d/deactivate.sh"
export _CE_M='\'''\''
export _CE_CONDA='\'''\''
PS1='\''(base) '\''
export PATH='\''/home/infres/ttran-25/.local/bin:/home/infres/ttran-25/miniconda3/bin:/home/infres/ttran-25/miniconda3/condabin:/usr/local/sbin:/usr/local/bin:/usr/sbin:/usr/bin:/sbin:/bin:/usr/games:/usr/local/games:/snap/bin'\''
export CONDA_PREFIX='\''/home/infres/ttran-25/miniconda3'\''
export CONDA_SHLVL='\''3'\''
export CONDA_DEFAULT_ENV='\''base'\''
export CONDA_PROMPT_MODIFIER='\''(base) '\''
export CONDA_PREFIX_2='\''/home/infres/ttran-25/miniconda3/envs/eegpt'\''
export CONDA_EXE='\''/home/infres/ttran-25/miniconda3/bin/conda'\''
export _CONDA_EXE='\''/home/infres/ttran-25/miniconda3/bin/conda'\''
export CONDA_PYTHON_EXE='\''/home/infres/ttran-25/miniconda3/bin/python'\''
export _CONDA_ROOT='\''/home/infres/ttran-25/miniconda3'\'''
++ eval '. "/home/infres/ttran-25/miniconda3/envs/eegpt/etc/conda/deactivate.d/tesseract_deactivate.sh"
. "/home/infres/ttran-25/miniconda3/envs/eegpt/etc/conda/deactivate.d/libglib_deactivate.sh"
. "/home/infres/ttran-25/miniconda3/envs/eegpt/etc/conda/deactivate.d/deactivate.sh"
export _CE_M='\'''\''
export _CE_CONDA='\'''\''
PS1='\''(base) '\''
export PATH='\''/home/infres/ttran-25/.local/bin:/home/infres/ttran-25/miniconda3/bin:/home/infres/ttran-25/miniconda3/condabin:/usr/local/sbin:/usr/local/bin:/usr/sbin:/usr/bin:/sbin:/bin:/usr/games:/usr/local/games:/snap/bin'\''
export CONDA_PREFIX='\''/home/infres/ttran-25/miniconda3'\''
export CONDA_SHLVL='\''3'\''
export CONDA_DEFAULT_ENV='\''base'\''
export CONDA_PROMPT_MODIFIER='\''(base) '\''
export CONDA_PREFIX_2='\''/home/infres/ttran-25/miniconda3/envs/eegpt'\''
export CONDA_EXE='\''/home/infres/ttran-25/miniconda3/bin/conda'\''
export _CONDA_EXE='\''/home/infres/ttran-25/miniconda3/bin/conda'\''
export CONDA_PYTHON_EXE='\''/home/infres/ttran-25/miniconda3/bin/python'\''
export _CONDA_ROOT='\''/home/infres/ttran-25/miniconda3'\'''
+++ . /home/infres/ttran-25/miniconda3/envs/eegpt/etc/conda/deactivate.d/tesseract_deactivate.sh
++++ unset TESSDATA_PREFIX
+++ . /home/infres/ttran-25/miniconda3/envs/eegpt/etc/conda/deactivate.d/libglib_deactivate.sh
++++ export GSETTINGS_SCHEMA_DIR=
++++ GSETTINGS_SCHEMA_DIR=
++++ unset GSETTINGS_SCHEMA_DIR_CONDA_BACKUP
++++ '[' -z ']'
++++ unset GSETTINGS_SCHEMA_DIR
+++ . /home/infres/ttran-25/miniconda3/envs/eegpt/etc/conda/deactivate.d/deactivate.sh
++++ unset __EGL_VENDOR_LIBRARY_DIRS
+++ export _CE_M=
+++ _CE_M=
+++ export _CE_CONDA=
+++ _CE_CONDA=
+++ PS1='(base) '
+++ export PATH=/home/infres/ttran-25/.local/bin:/home/infres/ttran-25/miniconda3/bin:/home/infres/ttran-25/miniconda3/condabin:/usr/local/sbin:/usr/local/bin:/usr/sbin:/usr/bin:/sbin:/bin:/usr/games:/usr/local/games:/snap/bin
+++ PATH=/home/infres/ttran-25/.local/bin:/home/infres/ttran-25/miniconda3/bin:/home/infres/ttran-25/miniconda3/condabin:/usr/local/sbin:/usr/local/bin:/usr/sbin:/usr/bin:/sbin:/bin:/usr/games:/usr/local/games:/snap/bin
+++ export CONDA_PREFIX=/home/infres/ttran-25/miniconda3
+++ CONDA_PREFIX=/home/infres/ttran-25/miniconda3
+++ export CONDA_SHLVL=3
+++ CONDA_SHLVL=3
+++ export CONDA_DEFAULT_ENV=base
+++ CONDA_DEFAULT_ENV=base
+++ export 'CONDA_PROMPT_MODIFIER=(base) '
+++ CONDA_PROMPT_MODIFIER='(base) '
+++ export CONDA_PREFIX_2=/home/infres/ttran-25/miniconda3/envs/eegpt
+++ CONDA_PREFIX_2=/home/infres/ttran-25/miniconda3/envs/eegpt
+++ export CONDA_EXE=/home/infres/ttran-25/miniconda3/bin/conda
+++ CONDA_EXE=/home/infres/ttran-25/miniconda3/bin/conda
+++ export _CONDA_EXE=/home/infres/ttran-25/miniconda3/bin/conda
+++ _CONDA_EXE=/home/infres/ttran-25/miniconda3/bin/conda
+++ export CONDA_PYTHON_EXE=/home/infres/ttran-25/miniconda3/bin/python
+++ CONDA_PYTHON_EXE=/home/infres/ttran-25/miniconda3/bin/python
+++ export _CONDA_ROOT=/home/infres/ttran-25/miniconda3
+++ _CONDA_ROOT=/home/infres/ttran-25/miniconda3
++ __conda_hashr
++ '[' -n '' ']'
++ '[' -n '' ']'
++ hash -r
+ conda activate eegpt
+ local cmd=activate
+ case "$cmd" in
+ __conda_activate activate eegpt
+ '[' -n '' ']'
+ local ask_conda
++ PS1='(base) '
++ __conda_exe shell.posix activate eegpt
++ '[' -n '' ']'
++ /home/infres/ttran-25/miniconda3/bin/conda shell.posix activate eegpt
+ ask_conda='export _CE_M='\'''\''
export _CE_CONDA='\'''\''
PS1='\''(eegpt) '\''
export PATH='\''/home/infres/ttran-25/.local/bin:/home/infres/ttran-25/miniconda3/envs/eegpt/bin:/home/infres/ttran-25/miniconda3/condabin:/usr/local/sbin:/usr/local/bin:/usr/sbin:/usr/bin:/sbin:/bin:/usr/games:/usr/local/games:/snap/bin'\''
export CONDA_PREFIX='\''/home/infres/ttran-25/miniconda3/envs/eegpt'\''
export CONDA_SHLVL='\''4'\''
export CONDA_DEFAULT_ENV='\''eegpt'\''
export CONDA_PROMPT_MODIFIER='\''(eegpt) '\''
export CONDA_PREFIX_3='\''/home/infres/ttran-25/miniconda3'\''
export CONDA_EXE='\''/home/infres/ttran-25/miniconda3/bin/conda'\''
export _CONDA_EXE='\''/home/infres/ttran-25/miniconda3/bin/conda'\''
export CONDA_PYTHON_EXE='\''/home/infres/ttran-25/miniconda3/bin/python'\''
export _CONDA_ROOT='\''/home/infres/ttran-25/miniconda3'\''
. "/home/infres/ttran-25/miniconda3/envs/eegpt/etc/conda/activate.d/activate.sh"
. "/home/infres/ttran-25/miniconda3/envs/eegpt/etc/conda/activate.d/libglib_activate.sh"
. "/home/infres/ttran-25/miniconda3/envs/eegpt/etc/conda/activate.d/tesseract_activate.sh"'
+ eval 'export _CE_M='\'''\''
export _CE_CONDA='\'''\''
PS1='\''(eegpt) '\''
export PATH='\''/home/infres/ttran-25/.local/bin:/home/infres/ttran-25/miniconda3/envs/eegpt/bin:/home/infres/ttran-25/miniconda3/condabin:/usr/local/sbin:/usr/local/bin:/usr/sbin:/usr/bin:/sbin:/bin:/usr/games:/usr/local/games:/snap/bin'\''
export CONDA_PREFIX='\''/home/infres/ttran-25/miniconda3/envs/eegpt'\''
export CONDA_SHLVL='\''4'\''
export CONDA_DEFAULT_ENV='\''eegpt'\''
export CONDA_PROMPT_MODIFIER='\''(eegpt) '\''
export CONDA_PREFIX_3='\''/home/infres/ttran-25/miniconda3'\''
export CONDA_EXE='\''/home/infres/ttran-25/miniconda3/bin/conda'\''
export _CONDA_EXE='\''/home/infres/ttran-25/miniconda3/bin/conda'\''
export CONDA_PYTHON_EXE='\''/home/infres/ttran-25/miniconda3/bin/python'\''
export _CONDA_ROOT='\''/home/infres/ttran-25/miniconda3'\''
. "/home/infres/ttran-25/miniconda3/envs/eegpt/etc/conda/activate.d/activate.sh"
. "/home/infres/ttran-25/miniconda3/envs/eegpt/etc/conda/activate.d/libglib_activate.sh"
. "/home/infres/ttran-25/miniconda3/envs/eegpt/etc/conda/activate.d/tesseract_activate.sh"'
++ export _CE_M=
++ _CE_M=
++ export _CE_CONDA=
++ _CE_CONDA=
++ PS1='(eegpt) '
++ export PATH=/home/infres/ttran-25/.local/bin:/home/infres/ttran-25/miniconda3/envs/eegpt/bin:/home/infres/ttran-25/miniconda3/condabin:/usr/local/sbin:/usr/local/bin:/usr/sbin:/usr/bin:/sbin:/bin:/usr/games:/usr/local/games:/snap/bin
++ PATH=/home/infres/ttran-25/.local/bin:/home/infres/ttran-25/miniconda3/envs/eegpt/bin:/home/infres/ttran-25/miniconda3/condabin:/usr/local/sbin:/usr/local/bin:/usr/sbin:/usr/bin:/sbin:/bin:/usr/games:/usr/local/games:/snap/bin
++ export CONDA_PREFIX=/home/infres/ttran-25/miniconda3/envs/eegpt
++ CONDA_PREFIX=/home/infres/ttran-25/miniconda3/envs/eegpt
++ export CONDA_SHLVL=4
++ CONDA_SHLVL=4
++ export CONDA_DEFAULT_ENV=eegpt
++ CONDA_DEFAULT_ENV=eegpt
++ export 'CONDA_PROMPT_MODIFIER=(eegpt) '
++ CONDA_PROMPT_MODIFIER='(eegpt) '
++ export CONDA_PREFIX_3=/home/infres/ttran-25/miniconda3
++ CONDA_PREFIX_3=/home/infres/ttran-25/miniconda3
++ export CONDA_EXE=/home/infres/ttran-25/miniconda3/bin/conda
++ CONDA_EXE=/home/infres/ttran-25/miniconda3/bin/conda
++ export _CONDA_EXE=/home/infres/ttran-25/miniconda3/bin/conda
++ _CONDA_EXE=/home/infres/ttran-25/miniconda3/bin/conda
++ export CONDA_PYTHON_EXE=/home/infres/ttran-25/miniconda3/bin/python
++ CONDA_PYTHON_EXE=/home/infres/ttran-25/miniconda3/bin/python
++ export _CONDA_ROOT=/home/infres/ttran-25/miniconda3
++ _CONDA_ROOT=/home/infres/ttran-25/miniconda3
++ . /home/infres/ttran-25/miniconda3/envs/eegpt/etc/conda/activate.d/activate.sh
+++ export __EGL_VENDOR_LIBRARY_DIRS=/home/infres/ttran-25/miniconda3/envs/eegpt/share/glvnd/egl_vendor.d
+++ __EGL_VENDOR_LIBRARY_DIRS=/home/infres/ttran-25/miniconda3/envs/eegpt/share/glvnd/egl_vendor.d
++ . /home/infres/ttran-25/miniconda3/envs/eegpt/etc/conda/activate.d/libglib_activate.sh
+++ export GSETTINGS_SCHEMA_DIR_CONDA_BACKUP=
+++ GSETTINGS_SCHEMA_DIR_CONDA_BACKUP=
+++ export GSETTINGS_SCHEMA_DIR=/home/infres/ttran-25/miniconda3/envs/eegpt/share/glib-2.0/schemas
+++ GSETTINGS_SCHEMA_DIR=/home/infres/ttran-25/miniconda3/envs/eegpt/share/glib-2.0/schemas
++ . /home/infres/ttran-25/miniconda3/envs/eegpt/etc/conda/activate.d/tesseract_activate.sh
+++ export TESSDATA_PREFIX=/home/infres/ttran-25/miniconda3/envs/eegpt/share/tessdata/
+++ TESSDATA_PREFIX=/home/infres/ttran-25/miniconda3/envs/eegpt/share/tessdata/
+ __conda_hashr
+ '[' -n '' ']'
+ '[' -n '' ']'
+ hash -r
+ nvidia-smi
+ for i in {1..9}
++ printf A%02d 1
+ SUBJECT=A01
+ srun python -m src.train --config-name config_downstream dataset.datasets_dir=/home/infres/ttran-25/project/datasets/downstream/lmdb_bciciv2a_0_38Hz/LOSO_A01
/home/infres/ttran-25/miniconda3/envs/eegpt/lib/python3.10/site-packages/lightning/fabric/__init__.py:36: UserWarning: pkg_resources is deprecated as an API. See https://setuptools.pypa.io/en/latest/pkg_resources.html. The pkg_resources package is slated for removal as early as 2025-11-30. Refrain from using this package or pin to Setuptools<81.
  __import__("pkg_resources").declare_namespace(__name__)
[rank: 0] Global seed set to 42
Missing logger folder: /home/infres/ttran-25/eegfm/outputs_downstream/bciciv2a/eegpt_downstream/2026-05-13/09-48-46/tb_logs
GPU available: True (cuda), used: True
TPU available: False, using: 0 TPU cores
IPU available: False, using: 0 IPUs
HPU available: False, using: 0 HPUs
You are using a CUDA device ('NVIDIA A100-PCIE-40GB') that has Tensor Cores. To properly utilize them, you should set `torch.set_float32_matmul_precision('medium' | 'high')` which will trade-off precision for performance. For more details, read https://pytorch.org/docs/stable/generated/torch.set_float32_matmul_precision.html#torch.set_float32_matmul_precision
LOCAL_RANK: 0 - CUDA_VISIBLE_DEVICES: [0]

  | Name  | Type            | Params
------------------------------------------
0 | model | EEGPTDownstream | 25.3 M
------------------------------------------
25.3 M    Trainable params
0         Non-trainable params
25.3 M    Total params
101.197   Total estimated model params size (MB)
SLURM auto-requeueing enabled. Setting signal handlers.
`Trainer.fit` stopped: `max_epochs=50` reached.
Restoring states from the checkpoint path at /home/infres/ttran-25/eegfm/outputs_downstream/bciciv2a/eegpt_downstream/2026-05-13/09-48-46/tb_logs/version_0/checkpoints/best-epoch=45-val_acc=0.6220.ckpt
LOCAL_RANK: 0 - CUDA_VISIBLE_DEVICES: [0]
Loaded model weights from the checkpoint at /home/infres/ttran-25/eegfm/outputs_downstream/bciciv2a/eegpt_downstream/2026-05-13/09-48-46/tb_logs/version_0/checkpoints/best-epoch=45-val_acc=0.6220.ckpt
SLURM auto-requeueing enabled. Setting signal handlers.
+ for i in {1..9}
++ printf A%02d 2
+ SUBJECT=A02
+ srun python -m src.train --config-name config_downstream dataset.datasets_dir=/home/infres/ttran-25/project/datasets/downstream/lmdb_bciciv2a_0_38Hz/LOSO_A02
/home/infres/ttran-25/miniconda3/envs/eegpt/lib/python3.10/site-packages/lightning/fabric/__init__.py:36: UserWarning: pkg_resources is deprecated as an API. See https://setuptools.pypa.io/en/latest/pkg_resources.html. The pkg_resources package is slated for removal as early as 2025-11-30. Refrain from using this package or pin to Setuptools<81.
  __import__("pkg_resources").declare_namespace(__name__)
[rank: 0] Global seed set to 42
Missing logger folder: /home/infres/ttran-25/eegfm/outputs_downstream/bciciv2a/eegpt_downstream/2026-05-13/10-02-34/tb_logs
GPU available: True (cuda), used: True
TPU available: False, using: 0 TPU cores
IPU available: False, using: 0 IPUs
HPU available: False, using: 0 HPUs
You are using a CUDA device ('NVIDIA A100-PCIE-40GB') that has Tensor Cores. To properly utilize them, you should set `torch.set_float32_matmul_precision('medium' | 'high')` which will trade-off precision for performance. For more details, read https://pytorch.org/docs/stable/generated/torch.set_float32_matmul_precision.html#torch.set_float32_matmul_precision
LOCAL_RANK: 0 - CUDA_VISIBLE_DEVICES: [0]

  | Name  | Type            | Params
------------------------------------------
0 | model | EEGPTDownstream | 25.3 M
------------------------------------------
25.3 M    Trainable params
0         Non-trainable params
25.3 M    Total params
101.197   Total estimated model params size (MB)
SLURM auto-requeueing enabled. Setting signal handlers.
Restoring states from the checkpoint path at /home/infres/ttran-25/eegfm/outputs_downstream/bciciv2a/eegpt_downstream/2026-05-13/10-02-34/tb_logs/version_0/checkpoints/best-epoch=26-val_acc=0.6154.ckpt
LOCAL_RANK: 0 - CUDA_VISIBLE_DEVICES: [0]
Loaded model weights from the checkpoint at /home/infres/ttran-25/eegfm/outputs_downstream/bciciv2a/eegpt_downstream/2026-05-13/10-02-34/tb_logs/version_0/checkpoints/best-epoch=26-val_acc=0.6154.ckpt
SLURM auto-requeueing enabled. Setting signal handlers.
+ for i in {1..9}
++ printf A%02d 3
+ SUBJECT=A03
+ srun python -m src.train --config-name config_downstream dataset.datasets_dir=/home/infres/ttran-25/project/datasets/downstream/lmdb_bciciv2a_0_38Hz/LOSO_A03
/home/infres/ttran-25/miniconda3/envs/eegpt/lib/python3.10/site-packages/lightning/fabric/__init__.py:36: UserWarning: pkg_resources is deprecated as an API. See https://setuptools.pypa.io/en/latest/pkg_resources.html. The pkg_resources package is slated for removal as early as 2025-11-30. Refrain from using this package or pin to Setuptools<81.
  __import__("pkg_resources").declare_namespace(__name__)
[rank: 0] Global seed set to 42
Missing logger folder: /home/infres/ttran-25/eegfm/outputs_downstream/bciciv2a/eegpt_downstream/2026-05-13/10-12-44/tb_logs
GPU available: True (cuda), used: True
TPU available: False, using: 0 TPU cores
IPU available: False, using: 0 IPUs
HPU available: False, using: 0 HPUs
You are using a CUDA device ('NVIDIA A100-PCIE-40GB') that has Tensor Cores. To properly utilize them, you should set `torch.set_float32_matmul_precision('medium' | 'high')` which will trade-off precision for performance. For more details, read https://pytorch.org/docs/stable/generated/torch.set_float32_matmul_precision.html#torch.set_float32_matmul_precision
LOCAL_RANK: 0 - CUDA_VISIBLE_DEVICES: [0]

  | Name  | Type            | Params
------------------------------------------
0 | model | EEGPTDownstream | 25.3 M
------------------------------------------
25.3 M    Trainable params
0         Non-trainable params
25.3 M    Total params
101.197   Total estimated model params size (MB)
SLURM auto-requeueing enabled. Setting signal handlers.
Restoring states from the checkpoint path at /home/infres/ttran-25/eegfm/outputs_downstream/bciciv2a/eegpt_downstream/2026-05-13/10-12-44/tb_logs/version_0/checkpoints/best-epoch=30-val_acc=0.6286.ckpt
LOCAL_RANK: 0 - CUDA_VISIBLE_DEVICES: [0]
Loaded model weights from the checkpoint at /home/infres/ttran-25/eegfm/outputs_downstream/bciciv2a/eegpt_downstream/2026-05-13/10-12-44/tb_logs/version_0/checkpoints/best-epoch=30-val_acc=0.6286.ckpt
SLURM auto-requeueing enabled. Setting signal handlers.
+ for i in {1..9}
++ printf A%02d 4
+ SUBJECT=A04
+ srun python -m src.train --config-name config_downstream dataset.datasets_dir=/home/infres/ttran-25/project/datasets/downstream/lmdb_bciciv2a_0_38Hz/LOSO_A04
/home/infres/ttran-25/miniconda3/envs/eegpt/lib/python3.10/site-packages/lightning/fabric/__init__.py:36: UserWarning: pkg_resources is deprecated as an API. See https://setuptools.pypa.io/en/latest/pkg_resources.html. The pkg_resources package is slated for removal as early as 2025-11-30. Refrain from using this package or pin to Setuptools<81.
  __import__("pkg_resources").declare_namespace(__name__)
[rank: 0] Global seed set to 42
Missing logger folder: /home/infres/ttran-25/eegfm/outputs_downstream/bciciv2a/eegpt_downstream/2026-05-13/10-23-58/tb_logs
GPU available: True (cuda), used: True
TPU available: False, using: 0 TPU cores
IPU available: False, using: 0 IPUs
HPU available: False, using: 0 HPUs
You are using a CUDA device ('NVIDIA A100-PCIE-40GB') that has Tensor Cores. To properly utilize them, you should set `torch.set_float32_matmul_precision('medium' | 'high')` which will trade-off precision for performance. For more details, read https://pytorch.org/docs/stable/generated/torch.set_float32_matmul_precision.html#torch.set_float32_matmul_precision
LOCAL_RANK: 0 - CUDA_VISIBLE_DEVICES: [0]

  | Name  | Type            | Params
------------------------------------------
0 | model | EEGPTDownstream | 25.3 M
------------------------------------------
25.3 M    Trainable params
0         Non-trainable params
25.3 M    Total params
101.197   Total estimated model params size (MB)
SLURM auto-requeueing enabled. Setting signal handlers.
`Trainer.fit` stopped: `max_epochs=50` reached.
Restoring states from the checkpoint path at /home/infres/ttran-25/eegfm/outputs_downstream/bciciv2a/eegpt_downstream/2026-05-13/10-23-58/tb_logs/version_0/checkpoints/best-epoch=45-val_acc=0.6681.ckpt
LOCAL_RANK: 0 - CUDA_VISIBLE_DEVICES: [0]
Loaded model weights from the checkpoint at /home/infres/ttran-25/eegfm/outputs_downstream/bciciv2a/eegpt_downstream/2026-05-13/10-23-58/tb_logs/version_0/checkpoints/best-epoch=45-val_acc=0.6681.ckpt
SLURM auto-requeueing enabled. Setting signal handlers.
+ for i in {1..9}
++ printf A%02d 5
+ SUBJECT=A05
+ srun python -m src.train --config-name config_downstream dataset.datasets_dir=/home/infres/ttran-25/project/datasets/downstream/lmdb_bciciv2a_0_38Hz/LOSO_A05
/home/infres/ttran-25/miniconda3/envs/eegpt/lib/python3.10/site-packages/lightning/fabric/__init__.py:36: UserWarning: pkg_resources is deprecated as an API. See https://setuptools.pypa.io/en/latest/pkg_resources.html. The pkg_resources package is slated for removal as early as 2025-11-30. Refrain from using this package or pin to Setuptools<81.
  __import__("pkg_resources").declare_namespace(__name__)
[rank: 0] Global seed set to 42
Missing logger folder: /home/infres/ttran-25/eegfm/outputs_downstream/bciciv2a/eegpt_downstream/2026-05-13/10-37-55/tb_logs
GPU available: True (cuda), used: True
TPU available: False, using: 0 TPU cores
IPU available: False, using: 0 IPUs
HPU available: False, using: 0 HPUs
You are using a CUDA device ('NVIDIA A100-PCIE-40GB') that has Tensor Cores. To properly utilize them, you should set `torch.set_float32_matmul_precision('medium' | 'high')` which will trade-off precision for performance. For more details, read https://pytorch.org/docs/stable/generated/torch.set_float32_matmul_precision.html#torch.set_float32_matmul_precision
LOCAL_RANK: 0 - CUDA_VISIBLE_DEVICES: [0]

  | Name  | Type            | Params
------------------------------------------
0 | model | EEGPTDownstream | 25.3 M
------------------------------------------
25.3 M    Trainable params
0         Non-trainable params
25.3 M    Total params
101.197   Total estimated model params size (MB)
SLURM auto-requeueing enabled. Setting signal handlers.
`Trainer.fit` stopped: `max_epochs=50` reached.
Restoring states from the checkpoint path at /home/infres/ttran-25/eegfm/outputs_downstream/bciciv2a/eegpt_downstream/2026-05-13/10-37-55/tb_logs/version_0/checkpoints/best-epoch=41-val_acc=0.6264.ckpt
LOCAL_RANK: 0 - CUDA_VISIBLE_DEVICES: [0]
Loaded model weights from the checkpoint at /home/infres/ttran-25/eegfm/outputs_downstream/bciciv2a/eegpt_downstream/2026-05-13/10-37-55/tb_logs/version_0/checkpoints/best-epoch=41-val_acc=0.6264.ckpt
SLURM auto-requeueing enabled. Setting signal handlers.
+ for i in {1..9}
++ printf A%02d 6
+ SUBJECT=A06
+ srun python -m src.train --config-name config_downstream dataset.datasets_dir=/home/infres/ttran-25/project/datasets/downstream/lmdb_bciciv2a_0_38Hz/LOSO_A06
/home/infres/ttran-25/miniconda3/envs/eegpt/lib/python3.10/site-packages/lightning/fabric/__init__.py:36: UserWarning: pkg_resources is deprecated as an API. See https://setuptools.pypa.io/en/latest/pkg_resources.html. The pkg_resources package is slated for removal as early as 2025-11-30. Refrain from using this package or pin to Setuptools<81.
  __import__("pkg_resources").declare_namespace(__name__)
[rank: 0] Global seed set to 42
Missing logger folder: /home/infres/ttran-25/eegfm/outputs_downstream/bciciv2a/eegpt_downstream/2026-05-13/10-51-35/tb_logs
GPU available: True (cuda), used: True
TPU available: False, using: 0 TPU cores
IPU available: False, using: 0 IPUs
HPU available: False, using: 0 HPUs
You are using a CUDA device ('NVIDIA A100-PCIE-40GB') that has Tensor Cores. To properly utilize them, you should set `torch.set_float32_matmul_precision('medium' | 'high')` which will trade-off precision for performance. For more details, read https://pytorch.org/docs/stable/generated/torch.set_float32_matmul_precision.html#torch.set_float32_matmul_precision
LOCAL_RANK: 0 - CUDA_VISIBLE_DEVICES: [0]

  | Name  | Type            | Params
------------------------------------------
0 | model | EEGPTDownstream | 25.3 M
------------------------------------------
25.3 M    Trainable params
0         Non-trainable params
25.3 M    Total params
101.197   Total estimated model params size (MB)
SLURM auto-requeueing enabled. Setting signal handlers.
Restoring states from the checkpoint path at /home/infres/ttran-25/eegfm/outputs_downstream/bciciv2a/eegpt_downstream/2026-05-13/10-51-35/tb_logs/version_0/checkpoints/best-epoch=38-val_acc=0.6418.ckpt
LOCAL_RANK: 0 - CUDA_VISIBLE_DEVICES: [0]
Loaded model weights from the checkpoint at /home/infres/ttran-25/eegfm/outputs_downstream/bciciv2a/eegpt_downstream/2026-05-13/10-51-35/tb_logs/version_0/checkpoints/best-epoch=38-val_acc=0.6418.ckpt
SLURM auto-requeueing enabled. Setting signal handlers.
+ for i in {1..9}
++ printf A%02d 7
+ SUBJECT=A07
+ srun python -m src.train --config-name config_downstream dataset.datasets_dir=/home/infres/ttran-25/project/datasets/downstream/lmdb_bciciv2a_0_38Hz/LOSO_A07
/home/infres/ttran-25/miniconda3/envs/eegpt/lib/python3.10/site-packages/lightning/fabric/__init__.py:36: UserWarning: pkg_resources is deprecated as an API. See https://setuptools.pypa.io/en/latest/pkg_resources.html. The pkg_resources package is slated for removal as early as 2025-11-30. Refrain from using this package or pin to Setuptools<81.
  __import__("pkg_resources").declare_namespace(__name__)
[rank: 0] Global seed set to 42
Missing logger folder: /home/infres/ttran-25/eegfm/outputs_downstream/bciciv2a/eegpt_downstream/2026-05-13/11-04-58/tb_logs
GPU available: True (cuda), used: True
TPU available: False, using: 0 TPU cores
IPU available: False, using: 0 IPUs
HPU available: False, using: 0 HPUs
You are using a CUDA device ('NVIDIA A100-PCIE-40GB') that has Tensor Cores. To properly utilize them, you should set `torch.set_float32_matmul_precision('medium' | 'high')` which will trade-off precision for performance. For more details, read https://pytorch.org/docs/stable/generated/torch.set_float32_matmul_precision.html#torch.set_float32_matmul_precision
LOCAL_RANK: 0 - CUDA_VISIBLE_DEVICES: [0]

  | Name  | Type            | Params
------------------------------------------
0 | model | EEGPTDownstream | 25.3 M
------------------------------------------
25.3 M    Trainable params
0         Non-trainable params
25.3 M    Total params
101.197   Total estimated model params size (MB)
SLURM auto-requeueing enabled. Setting signal handlers.
`Trainer.fit` stopped: `max_epochs=50` reached.
Restoring states from the checkpoint path at /home/infres/ttran-25/eegfm/outputs_downstream/bciciv2a/eegpt_downstream/2026-05-13/11-04-58/tb_logs/version_0/checkpoints/best-epoch=45-val_acc=0.6418.ckpt
LOCAL_RANK: 0 - CUDA_VISIBLE_DEVICES: [0]
Loaded model weights from the checkpoint at /home/infres/ttran-25/eegfm/outputs_downstream/bciciv2a/eegpt_downstream/2026-05-13/11-04-58/tb_logs/version_0/checkpoints/best-epoch=45-val_acc=0.6418.ckpt
SLURM auto-requeueing enabled. Setting signal handlers.
+ for i in {1..9}
++ printf A%02d 8
+ SUBJECT=A08
+ srun python -m src.train --config-name config_downstream dataset.datasets_dir=/home/infres/ttran-25/project/datasets/downstream/lmdb_bciciv2a_0_38Hz/LOSO_A08
/home/infres/ttran-25/miniconda3/envs/eegpt/lib/python3.10/site-packages/lightning/fabric/__init__.py:36: UserWarning: pkg_resources is deprecated as an API. See https://setuptools.pypa.io/en/latest/pkg_resources.html. The pkg_resources package is slated for removal as early as 2025-11-30. Refrain from using this package or pin to Setuptools<81.
  __import__("pkg_resources").declare_namespace(__name__)
[rank: 0] Global seed set to 42
Missing logger folder: /home/infres/ttran-25/eegfm/outputs_downstream/bciciv2a/eegpt_downstream/2026-05-13/11-18-38/tb_logs
GPU available: True (cuda), used: True
TPU available: False, using: 0 TPU cores
IPU available: False, using: 0 IPUs
HPU available: False, using: 0 HPUs
You are using a CUDA device ('NVIDIA A100-PCIE-40GB') that has Tensor Cores. To properly utilize them, you should set `torch.set_float32_matmul_precision('medium' | 'high')` which will trade-off precision for performance. For more details, read https://pytorch.org/docs/stable/generated/torch.set_float32_matmul_precision.html#torch.set_float32_matmul_precision
LOCAL_RANK: 0 - CUDA_VISIBLE_DEVICES: [0]

  | Name  | Type            | Params
------------------------------------------
0 | model | EEGPTDownstream | 25.3 M
------------------------------------------
25.3 M    Trainable params
0         Non-trainable params
25.3 M    Total params
101.197   Total estimated model params size (MB)
SLURM auto-requeueing enabled. Setting signal handlers.
Restoring states from the checkpoint path at /home/infres/ttran-25/eegfm/outputs_downstream/bciciv2a/eegpt_downstream/2026-05-13/11-18-38/tb_logs/version_0/checkpoints/best-epoch=21-val_acc=0.6440.ckpt
LOCAL_RANK: 0 - CUDA_VISIBLE_DEVICES: [0]
Loaded model weights from the checkpoint at /home/infres/ttran-25/eegfm/outputs_downstream/bciciv2a/eegpt_downstream/2026-05-13/11-18-38/tb_logs/version_0/checkpoints/best-epoch=21-val_acc=0.6440.ckpt
SLURM auto-requeueing enabled. Setting signal handlers.
+ for i in {1..9}
++ printf A%02d 9
+ SUBJECT=A09
+ srun python -m src.train --config-name config_downstream dataset.datasets_dir=/home/infres/ttran-25/project/datasets/downstream/lmdb_bciciv2a_0_38Hz/LOSO_A09
/home/infres/ttran-25/miniconda3/envs/eegpt/lib/python3.10/site-packages/lightning/fabric/__init__.py:36: UserWarning: pkg_resources is deprecated as an API. See https://setuptools.pypa.io/en/latest/pkg_resources.html. The pkg_resources package is slated for removal as early as 2025-11-30. Refrain from using this package or pin to Setuptools<81.
  __import__("pkg_resources").declare_namespace(__name__)
[rank: 0] Global seed set to 42
Missing logger folder: /home/infres/ttran-25/eegfm/outputs_downstream/bciciv2a/eegpt_downstream/2026-05-13/11-27-28/tb_logs
GPU available: True (cuda), used: True
TPU available: False, using: 0 TPU cores
IPU available: False, using: 0 IPUs
HPU available: False, using: 0 HPUs
You are using a CUDA device ('NVIDIA A100-PCIE-40GB') that has Tensor Cores. To properly utilize them, you should set `torch.set_float32_matmul_precision('medium' | 'high')` which will trade-off precision for performance. For more details, read https://pytorch.org/docs/stable/generated/torch.set_float32_matmul_precision.html#torch.set_float32_matmul_precision
LOCAL_RANK: 0 - CUDA_VISIBLE_DEVICES: [0]

  | Name  | Type            | Params
------------------------------------------
0 | model | EEGPTDownstream | 25.3 M
------------------------------------------
25.3 M    Trainable params
0         Non-trainable params
25.3 M    Total params
101.197   Total estimated model params size (MB)
SLURM auto-requeueing enabled. Setting signal handlers.
Restoring states from the checkpoint path at /home/infres/ttran-25/eegfm/outputs_downstream/bciciv2a/eegpt_downstream/2026-05-13/11-27-28/tb_logs/version_0/checkpoints/best-epoch=33-val_acc=0.6154.ckpt
LOCAL_RANK: 0 - CUDA_VISIBLE_DEVICES: [0]
Loaded model weights from the checkpoint at /home/infres/ttran-25/eegfm/outputs_downstream/bciciv2a/eegpt_downstream/2026-05-13/11-27-28/tb_logs/version_0/checkpoints/best-epoch=33-val_acc=0.6154.ckpt
SLURM auto-requeueing enabled. Setting signal handlers.
