+ cd /home/infres/ttran-25/eegfm
+ CONDA_PATH=/home/infres/ttran-25/miniconda3
+ source /home/infres/ttran-25/miniconda3/bin/activate
++ _CONDA_ROOT=/home/infres/ttran-25/miniconda3
++ . /home/infres/ttran-25/miniconda3/etc/profile.d/conda.sh
+++ export CONDA_EXE=/home/infres/ttran-25/miniconda3/bin/conda
+++ CONDA_EXE=/home/infres/ttran-25/miniconda3/bin/conda
+++ export _CONDA_EXE=/home/infres/ttran-25/miniconda3/bin/conda
+++ _CONDA_EXE=/home/infres/ttran-25/miniconda3/bin/conda
+++ export _CE_M=
+++ _CE_M=
+++ export _CE_CONDA=
+++ _CE_CONDA=
+++ export CONDA_PYTHON_EXE=/home/infres/ttran-25/miniconda3/bin/python
+++ CONDA_PYTHON_EXE=/home/infres/ttran-25/miniconda3/bin/python
+++ export _CONDA_ROOT=/home/infres/ttran-25/miniconda3
+++ _CONDA_ROOT=/home/infres/ttran-25/miniconda3
+++ '[' -z x ']'
++ conda activate
++ local cmd=activate
++ case "$cmd" in
++ __conda_activate activate
++ '[' -n '' ']'
++ local ask_conda
+++ PS1=
+++ __conda_exe shell.posix activate
+++ '[' -n '' ']'
+++ /home/infres/ttran-25/miniconda3/bin/conda shell.posix activate
++ ask_conda='export _CE_M='\'''\''
export _CE_CONDA='\'''\''
PS1='\''(base) '\''
export PATH='\''/home/infres/ttran-25/.local/bin:/home/infres/ttran-25/miniconda3/bin:/home/infres/ttran-25/miniconda3/condabin:/usr/local/sbin:/usr/local/bin:/usr/sbin:/usr/bin:/sbin:/bin:/usr/games:/usr/local/games:/snap/bin'\''
export CONDA_SHLVL='\''1'\''
export CONDA_PROMPT_MODIFIER='\''(base) '\''
export CONDA_EXE='\''/home/infres/ttran-25/miniconda3/bin/conda'\''
export _CONDA_EXE='\''/home/infres/ttran-25/miniconda3/bin/conda'\''
export CONDA_PYTHON_EXE='\''/home/infres/ttran-25/miniconda3/bin/python'\''
export _CONDA_ROOT='\''/home/infres/ttran-25/miniconda3'\'''
++ eval 'export _CE_M='\'''\''
export _CE_CONDA='\'''\''
PS1='\''(base) '\''
export PATH='\''/home/infres/ttran-25/.local/bin:/home/infres/ttran-25/miniconda3/bin:/home/infres/ttran-25/miniconda3/condabin:/usr/local/sbin:/usr/local/bin:/usr/sbin:/usr/bin:/sbin:/bin:/usr/games:/usr/local/games:/snap/bin'\''
export CONDA_SHLVL='\''1'\''
export CONDA_PROMPT_MODIFIER='\''(base) '\''
export CONDA_EXE='\''/home/infres/ttran-25/miniconda3/bin/conda'\''
export _CONDA_EXE='\''/home/infres/ttran-25/miniconda3/bin/conda'\''
export CONDA_PYTHON_EXE='\''/home/infres/ttran-25/miniconda3/bin/python'\''
export _CONDA_ROOT='\''/home/infres/ttran-25/miniconda3'\'''
+++ export _CE_M=
+++ _CE_M=
+++ export _CE_CONDA=
+++ _CE_CONDA=
+++ PS1='(base) '
+++ export PATH=/home/infres/ttran-25/.local/bin:/home/infres/ttran-25/miniconda3/bin:/home/infres/ttran-25/miniconda3/condabin:/usr/local/sbin:/usr/local/bin:/usr/sbin:/usr/bin:/sbin:/bin:/usr/games:/usr/local/games:/snap/bin
+++ PATH=/home/infres/ttran-25/.local/bin:/home/infres/ttran-25/miniconda3/bin:/home/infres/ttran-25/miniconda3/condabin:/usr/local/sbin:/usr/local/bin:/usr/sbin:/usr/bin:/sbin:/bin:/usr/games:/usr/local/games:/snap/bin
+++ export CONDA_SHLVL=1
+++ CONDA_SHLVL=1
+++ export 'CONDA_PROMPT_MODIFIER=(base) '
+++ CONDA_PROMPT_MODIFIER='(base) '
+++ export CONDA_EXE=/home/infres/ttran-25/miniconda3/bin/conda
+++ CONDA_EXE=/home/infres/ttran-25/miniconda3/bin/conda
+++ export _CONDA_EXE=/home/infres/ttran-25/miniconda3/bin/conda
+++ _CONDA_EXE=/home/infres/ttran-25/miniconda3/bin/conda
+++ export CONDA_PYTHON_EXE=/home/infres/ttran-25/miniconda3/bin/python
+++ CONDA_PYTHON_EXE=/home/infres/ttran-25/miniconda3/bin/python
+++ export _CONDA_ROOT=/home/infres/ttran-25/miniconda3
+++ _CONDA_ROOT=/home/infres/ttran-25/miniconda3
++ __conda_hashr
++ '[' -n '' ']'
++ '[' -n '' ']'
++ hash -r
+ conda activate eegpt
+ local cmd=activate
+ case "$cmd" in
+ __conda_activate activate eegpt
+ '[' -n '' ']'
+ local ask_conda
++ PS1='(base) '
++ __conda_exe shell.posix activate eegpt
++ '[' -n '' ']'
++ /home/infres/ttran-25/miniconda3/bin/conda shell.posix activate eegpt
+ ask_conda='export _CE_M='\'''\''
export _CE_CONDA='\'''\''
PS1='\''(eegpt) '\''
export PATH='\''/home/infres/ttran-25/.local/bin:/home/infres/ttran-25/miniconda3/envs/eegpt/bin:/home/infres/ttran-25/miniconda3/condabin:/usr/local/sbin:/usr/local/bin:/usr/sbin:/usr/bin:/sbin:/bin:/usr/games:/usr/local/games:/snap/bin'\''
export CONDA_PREFIX='\''/home/infres/ttran-25/miniconda3/envs/eegpt'\''
export CONDA_SHLVL='\''2'\''
export CONDA_DEFAULT_ENV='\''eegpt'\''
export CONDA_PROMPT_MODIFIER='\''(eegpt) '\''
export CONDA_PREFIX_1='\''/home/infres/ttran-25/miniconda3'\''
export CONDA_EXE='\''/home/infres/ttran-25/miniconda3/bin/conda'\''
export _CONDA_EXE='\''/home/infres/ttran-25/miniconda3/bin/conda'\''
export CONDA_PYTHON_EXE='\''/home/infres/ttran-25/miniconda3/bin/python'\''
export _CONDA_ROOT='\''/home/infres/ttran-25/miniconda3'\''
. "/home/infres/ttran-25/miniconda3/envs/eegpt/etc/conda/activate.d/activate.sh"
. "/home/infres/ttran-25/miniconda3/envs/eegpt/etc/conda/activate.d/libglib_activate.sh"
. "/home/infres/ttran-25/miniconda3/envs/eegpt/etc/conda/activate.d/tesseract_activate.sh"'
+ eval 'export _CE_M='\'''\''
export _CE_CONDA='\'''\''
PS1='\''(eegpt) '\''
export PATH='\''/home/infres/ttran-25/.local/bin:/home/infres/ttran-25/miniconda3/envs/eegpt/bin:/home/infres/ttran-25/miniconda3/condabin:/usr/local/sbin:/usr/local/bin:/usr/sbin:/usr/bin:/sbin:/bin:/usr/games:/usr/local/games:/snap/bin'\''
export CONDA_PREFIX='\''/home/infres/ttran-25/miniconda3/envs/eegpt'\''
export CONDA_SHLVL='\''2'\''
export CONDA_DEFAULT_ENV='\''eegpt'\''
export CONDA_PROMPT_MODIFIER='\''(eegpt) '\''
export CONDA_PREFIX_1='\''/home/infres/ttran-25/miniconda3'\''
export CONDA_EXE='\''/home/infres/ttran-25/miniconda3/bin/conda'\''
export _CONDA_EXE='\''/home/infres/ttran-25/miniconda3/bin/conda'\''
export CONDA_PYTHON_EXE='\''/home/infres/ttran-25/miniconda3/bin/python'\''
export _CONDA_ROOT='\''/home/infres/ttran-25/miniconda3'\''
. "/home/infres/ttran-25/miniconda3/envs/eegpt/etc/conda/activate.d/activate.sh"
. "/home/infres/ttran-25/miniconda3/envs/eegpt/etc/conda/activate.d/libglib_activate.sh"
. "/home/infres/ttran-25/miniconda3/envs/eegpt/etc/conda/activate.d/tesseract_activate.sh"'
++ export _CE_M=
++ _CE_M=
++ export _CE_CONDA=
++ _CE_CONDA=
++ PS1='(eegpt) '
++ export PATH=/home/infres/ttran-25/.local/bin:/home/infres/ttran-25/miniconda3/envs/eegpt/bin:/home/infres/ttran-25/miniconda3/condabin:/usr/local/sbin:/usr/local/bin:/usr/sbin:/usr/bin:/sbin:/bin:/usr/games:/usr/local/games:/snap/bin
++ PATH=/home/infres/ttran-25/.local/bin:/home/infres/ttran-25/miniconda3/envs/eegpt/bin:/home/infres/ttran-25/miniconda3/condabin:/usr/local/sbin:/usr/local/bin:/usr/sbin:/usr/bin:/sbin:/bin:/usr/games:/usr/local/games:/snap/bin
++ export CONDA_PREFIX=/home/infres/ttran-25/miniconda3/envs/eegpt
++ CONDA_PREFIX=/home/infres/ttran-25/miniconda3/envs/eegpt
++ export CONDA_SHLVL=2
++ CONDA_SHLVL=2
++ export CONDA_DEFAULT_ENV=eegpt
++ CONDA_DEFAULT_ENV=eegpt
++ export 'CONDA_PROMPT_MODIFIER=(eegpt) '
++ CONDA_PROMPT_MODIFIER='(eegpt) '
++ export CONDA_PREFIX_1=/home/infres/ttran-25/miniconda3
++ CONDA_PREFIX_1=/home/infres/ttran-25/miniconda3
++ export CONDA_EXE=/home/infres/ttran-25/miniconda3/bin/conda
++ CONDA_EXE=/home/infres/ttran-25/miniconda3/bin/conda
++ export _CONDA_EXE=/home/infres/ttran-25/miniconda3/bin/conda
++ _CONDA_EXE=/home/infres/ttran-25/miniconda3/bin/conda
++ export CONDA_PYTHON_EXE=/home/infres/ttran-25/miniconda3/bin/python
++ CONDA_PYTHON_EXE=/home/infres/ttran-25/miniconda3/bin/python
++ export _CONDA_ROOT=/home/infres/ttran-25/miniconda3
++ _CONDA_ROOT=/home/infres/ttran-25/miniconda3
++ . /home/infres/ttran-25/miniconda3/envs/eegpt/etc/conda/activate.d/activate.sh
+++ export __EGL_VENDOR_LIBRARY_DIRS=/home/infres/ttran-25/miniconda3/envs/eegpt/share/glvnd/egl_vendor.d
+++ __EGL_VENDOR_LIBRARY_DIRS=/home/infres/ttran-25/miniconda3/envs/eegpt/share/glvnd/egl_vendor.d
++ . /home/infres/ttran-25/miniconda3/envs/eegpt/etc/conda/activate.d/libglib_activate.sh
+++ export GSETTINGS_SCHEMA_DIR_CONDA_BACKUP=
+++ GSETTINGS_SCHEMA_DIR_CONDA_BACKUP=
+++ export GSETTINGS_SCHEMA_DIR=/home/infres/ttran-25/miniconda3/envs/eegpt/share/glib-2.0/schemas
+++ GSETTINGS_SCHEMA_DIR=/home/infres/ttran-25/miniconda3/envs/eegpt/share/glib-2.0/schemas
++ . /home/infres/ttran-25/miniconda3/envs/eegpt/etc/conda/activate.d/tesseract_activate.sh
+++ export TESSDATA_PREFIX=/home/infres/ttran-25/miniconda3/envs/eegpt/share/tessdata/
+++ TESSDATA_PREFIX=/home/infres/ttran-25/miniconda3/envs/eegpt/share/tessdata/
+ __conda_hashr
+ '[' -n '' ']'
+ '[' -n '' ']'
+ hash -r
+ nvidia-smi
+ for i in {1..9}
++ printf A%02d 1
+ SUBJECT=A01
+ srun python -m src.train --config-name config_dump dataset.datasets_dir=/home/infres/ttran-25/project/datasets/downstream/lmdb_bciciv2a_0_38Hz/LOSO_A01
/home/infres/ttran-25/miniconda3/envs/eegpt/lib/python3.10/site-packages/lightning/fabric/__init__.py:36: UserWarning: pkg_resources is deprecated as an API. See https://setuptools.pypa.io/en/latest/pkg_resources.html. The pkg_resources package is slated for removal as early as 2025-11-30. Refrain from using this package or pin to Setuptools<81.
  __import__("pkg_resources").declare_namespace(__name__)
[rank: 0] Global seed set to 42
GPU available: True (cuda), used: True
TPU available: False, using: 0 TPU cores
IPU available: False, using: 0 IPUs
HPU available: False, using: 0 HPUs
LOCAL_RANK: 0 - CUDA_VISIBLE_DEVICES: [0]

  | Name  | Type            | Params
------------------------------------------
0 | model | EEGPTDownstream | 25.3 M
------------------------------------------
25.3 M    Trainable params
0         Non-trainable params
25.3 M    Total params
101.286   Total estimated model params size (MB)
SLURM auto-requeueing enabled. Setting signal handlers.
Restoring states from the checkpoint path at /home/infres/ttran-25/eegfm/tb/bciciv2a_eegpt_downstream/checkpoints/best-epoch=15-val_acc=0.6264.ckpt
LOCAL_RANK: 0 - CUDA_VISIBLE_DEVICES: [0]
Loaded model weights from the checkpoint at /home/infres/ttran-25/eegfm/tb/bciciv2a_eegpt_downstream/checkpoints/best-epoch=15-val_acc=0.6264.ckpt
SLURM auto-requeueing enabled. Setting signal handlers.
+ for i in {1..9}
++ printf A%02d 2
+ SUBJECT=A02
+ srun python -m src.train --config-name config_dump dataset.datasets_dir=/home/infres/ttran-25/project/datasets/downstream/lmdb_bciciv2a_0_38Hz/LOSO_A02
/home/infres/ttran-25/miniconda3/envs/eegpt/lib/python3.10/site-packages/lightning/fabric/__init__.py:36: UserWarning: pkg_resources is deprecated as an API. See https://setuptools.pypa.io/en/latest/pkg_resources.html. The pkg_resources package is slated for removal as early as 2025-11-30. Refrain from using this package or pin to Setuptools<81.
  __import__("pkg_resources").declare_namespace(__name__)
[rank: 0] Global seed set to 42
GPU available: True (cuda), used: True
TPU available: False, using: 0 TPU cores
IPU available: False, using: 0 IPUs
HPU available: False, using: 0 HPUs
/home/infres/ttran-25/miniconda3/envs/eegpt/lib/python3.10/site-packages/lightning/pytorch/callbacks/model_checkpoint.py:617: UserWarning: Checkpoint directory /home/infres/ttran-25/eegfm/tb/bciciv2a_eegpt_downstream/checkpoints exists and is not empty.
  rank_zero_warn(f"Checkpoint directory {dirpath} exists and is not empty.")
LOCAL_RANK: 0 - CUDA_VISIBLE_DEVICES: [0]

  | Name  | Type            | Params
------------------------------------------
0 | model | EEGPTDownstream | 25.3 M
------------------------------------------
25.3 M    Trainable params
0         Non-trainable params
25.3 M    Total params
101.286   Total estimated model params size (MB)
SLURM auto-requeueing enabled. Setting signal handlers.
Restoring states from the checkpoint path at /home/infres/ttran-25/eegfm/tb/bciciv2a_eegpt_downstream/checkpoints/best-epoch=21-val_acc=0.6264.ckpt
LOCAL_RANK: 0 - CUDA_VISIBLE_DEVICES: [0]
Loaded model weights from the checkpoint at /home/infres/ttran-25/eegfm/tb/bciciv2a_eegpt_downstream/checkpoints/best-epoch=21-val_acc=0.6264.ckpt
SLURM auto-requeueing enabled. Setting signal handlers.
+ for i in {1..9}
++ printf A%02d 3
+ SUBJECT=A03
+ srun python -m src.train --config-name config_dump dataset.datasets_dir=/home/infres/ttran-25/project/datasets/downstream/lmdb_bciciv2a_0_38Hz/LOSO_A03
/home/infres/ttran-25/miniconda3/envs/eegpt/lib/python3.10/site-packages/lightning/fabric/__init__.py:36: UserWarning: pkg_resources is deprecated as an API. See https://setuptools.pypa.io/en/latest/pkg_resources.html. The pkg_resources package is slated for removal as early as 2025-11-30. Refrain from using this package or pin to Setuptools<81.
  __import__("pkg_resources").declare_namespace(__name__)
[rank: 0] Global seed set to 42
GPU available: True (cuda), used: True
TPU available: False, using: 0 TPU cores
IPU available: False, using: 0 IPUs
HPU available: False, using: 0 HPUs
/home/infres/ttran-25/miniconda3/envs/eegpt/lib/python3.10/site-packages/lightning/pytorch/callbacks/model_checkpoint.py:617: UserWarning: Checkpoint directory /home/infres/ttran-25/eegfm/tb/bciciv2a_eegpt_downstream/checkpoints exists and is not empty.
  rank_zero_warn(f"Checkpoint directory {dirpath} exists and is not empty.")
LOCAL_RANK: 0 - CUDA_VISIBLE_DEVICES: [0]

  | Name  | Type            | Params
------------------------------------------
0 | model | EEGPTDownstream | 25.3 M
------------------------------------------
25.3 M    Trainable params
0         Non-trainable params
25.3 M    Total params
101.286   Total estimated model params size (MB)
SLURM auto-requeueing enabled. Setting signal handlers.
Restoring states from the checkpoint path at /home/infres/ttran-25/eegfm/tb/bciciv2a_eegpt_downstream/checkpoints/best-epoch=25-val_acc=0.6374.ckpt
LOCAL_RANK: 0 - CUDA_VISIBLE_DEVICES: [0]
Loaded model weights from the checkpoint at /home/infres/ttran-25/eegfm/tb/bciciv2a_eegpt_downstream/checkpoints/best-epoch=25-val_acc=0.6374.ckpt
SLURM auto-requeueing enabled. Setting signal handlers.
+ for i in {1..9}
++ printf A%02d 4
+ SUBJECT=A04
+ srun python -m src.train --config-name config_dump dataset.datasets_dir=/home/infres/ttran-25/project/datasets/downstream/lmdb_bciciv2a_0_38Hz/LOSO_A04
/home/infres/ttran-25/miniconda3/envs/eegpt/lib/python3.10/site-packages/lightning/fabric/__init__.py:36: UserWarning: pkg_resources is deprecated as an API. See https://setuptools.pypa.io/en/latest/pkg_resources.html. The pkg_resources package is slated for removal as early as 2025-11-30. Refrain from using this package or pin to Setuptools<81.
  __import__("pkg_resources").declare_namespace(__name__)
[rank: 0] Global seed set to 42
GPU available: True (cuda), used: True
TPU available: False, using: 0 TPU cores
IPU available: False, using: 0 IPUs
HPU available: False, using: 0 HPUs
/home/infres/ttran-25/miniconda3/envs/eegpt/lib/python3.10/site-packages/lightning/pytorch/callbacks/model_checkpoint.py:617: UserWarning: Checkpoint directory /home/infres/ttran-25/eegfm/tb/bciciv2a_eegpt_downstream/checkpoints exists and is not empty.
  rank_zero_warn(f"Checkpoint directory {dirpath} exists and is not empty.")
LOCAL_RANK: 0 - CUDA_VISIBLE_DEVICES: [0]

  | Name  | Type            | Params
------------------------------------------
0 | model | EEGPTDownstream | 25.3 M
------------------------------------------
25.3 M    Trainable params
0         Non-trainable params
25.3 M    Total params
101.286   Total estimated model params size (MB)
SLURM auto-requeueing enabled. Setting signal handlers.
Restoring states from the checkpoint path at /home/infres/ttran-25/eegfm/tb/bciciv2a_eegpt_downstream/checkpoints/best-epoch=38-val_acc=0.6659.ckpt
LOCAL_RANK: 0 - CUDA_VISIBLE_DEVICES: [0]
Loaded model weights from the checkpoint at /home/infres/ttran-25/eegfm/tb/bciciv2a_eegpt_downstream/checkpoints/best-epoch=38-val_acc=0.6659.ckpt
SLURM auto-requeueing enabled. Setting signal handlers.
+ for i in {1..9}
++ printf A%02d 5
+ SUBJECT=A05
+ srun python -m src.train --config-name config_dump dataset.datasets_dir=/home/infres/ttran-25/project/datasets/downstream/lmdb_bciciv2a_0_38Hz/LOSO_A05
/home/infres/ttran-25/miniconda3/envs/eegpt/lib/python3.10/site-packages/lightning/fabric/__init__.py:36: UserWarning: pkg_resources is deprecated as an API. See https://setuptools.pypa.io/en/latest/pkg_resources.html. The pkg_resources package is slated for removal as early as 2025-11-30. Refrain from using this package or pin to Setuptools<81.
  __import__("pkg_resources").declare_namespace(__name__)
[rank: 0] Global seed set to 42
GPU available: True (cuda), used: True
TPU available: False, using: 0 TPU cores
IPU available: False, using: 0 IPUs
HPU available: False, using: 0 HPUs
/home/infres/ttran-25/miniconda3/envs/eegpt/lib/python3.10/site-packages/lightning/pytorch/callbacks/model_checkpoint.py:617: UserWarning: Checkpoint directory /home/infres/ttran-25/eegfm/tb/bciciv2a_eegpt_downstream/checkpoints exists and is not empty.
  rank_zero_warn(f"Checkpoint directory {dirpath} exists and is not empty.")
LOCAL_RANK: 0 - CUDA_VISIBLE_DEVICES: [0]

  | Name  | Type            | Params
------------------------------------------
0 | model | EEGPTDownstream | 25.3 M
------------------------------------------
25.3 M    Trainable params
0         Non-trainable params
25.3 M    Total params
101.286   Total estimated model params size (MB)
SLURM auto-requeueing enabled. Setting signal handlers.
`Trainer.fit` stopped: `max_epochs=50` reached.
Restoring states from the checkpoint path at /home/infres/ttran-25/eegfm/tb/bciciv2a_eegpt_downstream/checkpoints/best-epoch=45-val_acc=0.6440.ckpt
LOCAL_RANK: 0 - CUDA_VISIBLE_DEVICES: [0]
Loaded model weights from the checkpoint at /home/infres/ttran-25/eegfm/tb/bciciv2a_eegpt_downstream/checkpoints/best-epoch=45-val_acc=0.6440.ckpt
SLURM auto-requeueing enabled. Setting signal handlers.
+ for i in {1..9}
++ printf A%02d 6
+ SUBJECT=A06
+ srun python -m src.train --config-name config_dump dataset.datasets_dir=/home/infres/ttran-25/project/datasets/downstream/lmdb_bciciv2a_0_38Hz/LOSO_A06
/home/infres/ttran-25/miniconda3/envs/eegpt/lib/python3.10/site-packages/lightning/fabric/__init__.py:36: UserWarning: pkg_resources is deprecated as an API. See https://setuptools.pypa.io/en/latest/pkg_resources.html. The pkg_resources package is slated for removal as early as 2025-11-30. Refrain from using this package or pin to Setuptools<81.
  __import__("pkg_resources").declare_namespace(__name__)
[rank: 0] Global seed set to 42
GPU available: True (cuda), used: True
TPU available: False, using: 0 TPU cores
IPU available: False, using: 0 IPUs
HPU available: False, using: 0 HPUs
/home/infres/ttran-25/miniconda3/envs/eegpt/lib/python3.10/site-packages/lightning/pytorch/callbacks/model_checkpoint.py:617: UserWarning: Checkpoint directory /home/infres/ttran-25/eegfm/tb/bciciv2a_eegpt_downstream/checkpoints exists and is not empty.
  rank_zero_warn(f"Checkpoint directory {dirpath} exists and is not empty.")
LOCAL_RANK: 0 - CUDA_VISIBLE_DEVICES: [0]

  | Name  | Type            | Params
------------------------------------------
0 | model | EEGPTDownstream | 25.3 M
------------------------------------------
25.3 M    Trainable params
0         Non-trainable params
25.3 M    Total params
101.286   Total estimated model params size (MB)
SLURM auto-requeueing enabled. Setting signal handlers.
`Trainer.fit` stopped: `max_epochs=50` reached.
Restoring states from the checkpoint path at /home/infres/ttran-25/eegfm/tb/bciciv2a_eegpt_downstream/checkpoints/best-epoch=45-val_acc=0.6857.ckpt
LOCAL_RANK: 0 - CUDA_VISIBLE_DEVICES: [0]
Loaded model weights from the checkpoint at /home/infres/ttran-25/eegfm/tb/bciciv2a_eegpt_downstream/checkpoints/best-epoch=45-val_acc=0.6857.ckpt
SLURM auto-requeueing enabled. Setting signal handlers.
+ for i in {1..9}
++ printf A%02d 7
+ SUBJECT=A07
+ srun python -m src.train --config-name config_dump dataset.datasets_dir=/home/infres/ttran-25/project/datasets/downstream/lmdb_bciciv2a_0_38Hz/LOSO_A07
/home/infres/ttran-25/miniconda3/envs/eegpt/lib/python3.10/site-packages/lightning/fabric/__init__.py:36: UserWarning: pkg_resources is deprecated as an API. See https://setuptools.pypa.io/en/latest/pkg_resources.html. The pkg_resources package is slated for removal as early as 2025-11-30. Refrain from using this package or pin to Setuptools<81.
  __import__("pkg_resources").declare_namespace(__name__)
[rank: 0] Global seed set to 42
GPU available: True (cuda), used: True
TPU available: False, using: 0 TPU cores
IPU available: False, using: 0 IPUs
HPU available: False, using: 0 HPUs
/home/infres/ttran-25/miniconda3/envs/eegpt/lib/python3.10/site-packages/lightning/pytorch/callbacks/model_checkpoint.py:617: UserWarning: Checkpoint directory /home/infres/ttran-25/eegfm/tb/bciciv2a_eegpt_downstream/checkpoints exists and is not empty.
  rank_zero_warn(f"Checkpoint directory {dirpath} exists and is not empty.")
LOCAL_RANK: 0 - CUDA_VISIBLE_DEVICES: [0]

  | Name  | Type            | Params
------------------------------------------
0 | model | EEGPTDownstream | 25.3 M
------------------------------------------
25.3 M    Trainable params
0         Non-trainable params
25.3 M    Total params
101.286   Total estimated model params size (MB)
SLURM auto-requeueing enabled. Setting signal handlers.
Restoring states from the checkpoint path at /home/infres/ttran-25/eegfm/tb/bciciv2a_eegpt_downstream/checkpoints/best-epoch=35-val_acc=0.6527.ckpt
LOCAL_RANK: 0 - CUDA_VISIBLE_DEVICES: [0]
Loaded model weights from the checkpoint at /home/infres/ttran-25/eegfm/tb/bciciv2a_eegpt_downstream/checkpoints/best-epoch=35-val_acc=0.6527.ckpt
SLURM auto-requeueing enabled. Setting signal handlers.
+ for i in {1..9}
++ printf A%02d 8
+ SUBJECT=A08
+ srun python -m src.train --config-name config_dump dataset.datasets_dir=/home/infres/ttran-25/project/datasets/downstream/lmdb_bciciv2a_0_38Hz/LOSO_A08
/home/infres/ttran-25/miniconda3/envs/eegpt/lib/python3.10/site-packages/lightning/fabric/__init__.py:36: UserWarning: pkg_resources is deprecated as an API. See https://setuptools.pypa.io/en/latest/pkg_resources.html. The pkg_resources package is slated for removal as early as 2025-11-30. Refrain from using this package or pin to Setuptools<81.
  __import__("pkg_resources").declare_namespace(__name__)
[rank: 0] Global seed set to 42
GPU available: True (cuda), used: True
TPU available: False, using: 0 TPU cores
IPU available: False, using: 0 IPUs
HPU available: False, using: 0 HPUs
/home/infres/ttran-25/miniconda3/envs/eegpt/lib/python3.10/site-packages/lightning/pytorch/callbacks/model_checkpoint.py:617: UserWarning: Checkpoint directory /home/infres/ttran-25/eegfm/tb/bciciv2a_eegpt_downstream/checkpoints exists and is not empty.
  rank_zero_warn(f"Checkpoint directory {dirpath} exists and is not empty.")
LOCAL_RANK: 0 - CUDA_VISIBLE_DEVICES: [0]

  | Name  | Type            | Params
------------------------------------------
0 | model | EEGPTDownstream | 25.3 M
------------------------------------------
25.3 M    Trainable params
0         Non-trainable params
25.3 M    Total params
101.286   Total estimated model params size (MB)
SLURM auto-requeueing enabled. Setting signal handlers.
Restoring states from the checkpoint path at /home/infres/ttran-25/eegfm/tb/bciciv2a_eegpt_downstream/checkpoints/best-epoch=17-val_acc=0.6571.ckpt
LOCAL_RANK: 0 - CUDA_VISIBLE_DEVICES: [0]
Loaded model weights from the checkpoint at /home/infres/ttran-25/eegfm/tb/bciciv2a_eegpt_downstream/checkpoints/best-epoch=17-val_acc=0.6571.ckpt
SLURM auto-requeueing enabled. Setting signal handlers.
+ for i in {1..9}
++ printf A%02d 9
+ SUBJECT=A09
+ srun python -m src.train --config-name config_dump dataset.datasets_dir=/home/infres/ttran-25/project/datasets/downstream/lmdb_bciciv2a_0_38Hz/LOSO_A09
/home/infres/ttran-25/miniconda3/envs/eegpt/lib/python3.10/site-packages/lightning/fabric/__init__.py:36: UserWarning: pkg_resources is deprecated as an API. See https://setuptools.pypa.io/en/latest/pkg_resources.html. The pkg_resources package is slated for removal as early as 2025-11-30. Refrain from using this package or pin to Setuptools<81.
  __import__("pkg_resources").declare_namespace(__name__)
[rank: 0] Global seed set to 42
GPU available: True (cuda), used: True
TPU available: False, using: 0 TPU cores
IPU available: False, using: 0 IPUs
HPU available: False, using: 0 HPUs
/home/infres/ttran-25/miniconda3/envs/eegpt/lib/python3.10/site-packages/lightning/pytorch/callbacks/model_checkpoint.py:617: UserWarning: Checkpoint directory /home/infres/ttran-25/eegfm/tb/bciciv2a_eegpt_downstream/checkpoints exists and is not empty.
  rank_zero_warn(f"Checkpoint directory {dirpath} exists and is not empty.")
LOCAL_RANK: 0 - CUDA_VISIBLE_DEVICES: [0]

  | Name  | Type            | Params
------------------------------------------
0 | model | EEGPTDownstream | 25.3 M
------------------------------------------
25.3 M    Trainable params
0         Non-trainable params
25.3 M    Total params
101.286   Total estimated model params size (MB)
SLURM auto-requeueing enabled. Setting signal handlers.
Restoring states from the checkpoint path at /home/infres/ttran-25/eegfm/tb/bciciv2a_eegpt_downstream/checkpoints/best-epoch=22-val_acc=0.6571.ckpt
LOCAL_RANK: 0 - CUDA_VISIBLE_DEVICES: [0]
Loaded model weights from the checkpoint at /home/infres/ttran-25/eegfm/tb/bciciv2a_eegpt_downstream/checkpoints/best-epoch=22-val_acc=0.6571.ckpt
SLURM auto-requeueing enabled. Setting signal handlers.
