+ cd /home/infres/ttran-25/eegfm
+ CONDA_PATH=/home/infres/ttran-25/miniconda3
+ source /home/infres/ttran-25/miniconda3/bin/activate
++ _CONDA_ROOT=/home/infres/ttran-25/miniconda3
++ . /home/infres/ttran-25/miniconda3/etc/profile.d/conda.sh
+++ export CONDA_EXE=/home/infres/ttran-25/miniconda3/bin/conda
+++ CONDA_EXE=/home/infres/ttran-25/miniconda3/bin/conda
+++ export _CONDA_EXE=/home/infres/ttran-25/miniconda3/bin/conda
+++ _CONDA_EXE=/home/infres/ttran-25/miniconda3/bin/conda
+++ export _CE_M=
+++ _CE_M=
+++ export _CE_CONDA=
+++ _CE_CONDA=
+++ export CONDA_PYTHON_EXE=/home/infres/ttran-25/miniconda3/bin/python
+++ CONDA_PYTHON_EXE=/home/infres/ttran-25/miniconda3/bin/python
+++ export _CONDA_ROOT=/home/infres/ttran-25/miniconda3
+++ _CONDA_ROOT=/home/infres/ttran-25/miniconda3
+++ '[' -z x ']'
++ conda activate
++ local cmd=activate
++ case "$cmd" in
++ __conda_activate activate
++ '[' -n '' ']'
++ local ask_conda
+++ PS1=
+++ __conda_exe shell.posix activate
+++ '[' -n '' ']'
+++ /home/infres/ttran-25/miniconda3/bin/conda shell.posix activate
++ ask_conda='export _CE_M='\'''\''
export _CE_CONDA='\'''\''
PS1='\''(base) '\''
export PATH='\''/home/infres/ttran-25/.local/bin:/home/infres/ttran-25/miniconda3/bin:/home/infres/ttran-25/miniconda3/condabin:/usr/local/sbin:/usr/local/bin:/usr/sbin:/usr/bin:/sbin:/bin:/usr/games:/usr/local/games:/snap/bin'\''
export CONDA_SHLVL='\''1'\''
export CONDA_PROMPT_MODIFIER='\''(base) '\''
export CONDA_EXE='\''/home/infres/ttran-25/miniconda3/bin/conda'\''
export _CONDA_EXE='\''/home/infres/ttran-25/miniconda3/bin/conda'\''
export CONDA_PYTHON_EXE='\''/home/infres/ttran-25/miniconda3/bin/python'\''
export _CONDA_ROOT='\''/home/infres/ttran-25/miniconda3'\'''
++ eval 'export _CE_M='\'''\''
export _CE_CONDA='\'''\''
PS1='\''(base) '\''
export PATH='\''/home/infres/ttran-25/.local/bin:/home/infres/ttran-25/miniconda3/bin:/home/infres/ttran-25/miniconda3/condabin:/usr/local/sbin:/usr/local/bin:/usr/sbin:/usr/bin:/sbin:/bin:/usr/games:/usr/local/games:/snap/bin'\''
export CONDA_SHLVL='\''1'\''
export CONDA_PROMPT_MODIFIER='\''(base) '\''
export CONDA_EXE='\''/home/infres/ttran-25/miniconda3/bin/conda'\''
export _CONDA_EXE='\''/home/infres/ttran-25/miniconda3/bin/conda'\''
export CONDA_PYTHON_EXE='\''/home/infres/ttran-25/miniconda3/bin/python'\''
export _CONDA_ROOT='\''/home/infres/ttran-25/miniconda3'\'''
+++ export _CE_M=
+++ _CE_M=
+++ export _CE_CONDA=
+++ _CE_CONDA=
+++ PS1='(base) '
+++ export PATH=/home/infres/ttran-25/.local/bin:/home/infres/ttran-25/miniconda3/bin:/home/infres/ttran-25/miniconda3/condabin:/usr/local/sbin:/usr/local/bin:/usr/sbin:/usr/bin:/sbin:/bin:/usr/games:/usr/local/games:/snap/bin
+++ PATH=/home/infres/ttran-25/.local/bin:/home/infres/ttran-25/miniconda3/bin:/home/infres/ttran-25/miniconda3/condabin:/usr/local/sbin:/usr/local/bin:/usr/sbin:/usr/bin:/sbin:/bin:/usr/games:/usr/local/games:/snap/bin
+++ export CONDA_SHLVL=1
+++ CONDA_SHLVL=1
+++ export 'CONDA_PROMPT_MODIFIER=(base) '
+++ CONDA_PROMPT_MODIFIER='(base) '
+++ export CONDA_EXE=/home/infres/ttran-25/miniconda3/bin/conda
+++ CONDA_EXE=/home/infres/ttran-25/miniconda3/bin/conda
+++ export _CONDA_EXE=/home/infres/ttran-25/miniconda3/bin/conda
+++ _CONDA_EXE=/home/infres/ttran-25/miniconda3/bin/conda
+++ export CONDA_PYTHON_EXE=/home/infres/ttran-25/miniconda3/bin/python
+++ CONDA_PYTHON_EXE=/home/infres/ttran-25/miniconda3/bin/python
+++ export _CONDA_ROOT=/home/infres/ttran-25/miniconda3
+++ _CONDA_ROOT=/home/infres/ttran-25/miniconda3
++ __conda_hashr
++ '[' -n '' ']'
++ '[' -n '' ']'
++ hash -r
+ conda activate eegpt
+ local cmd=activate
+ case "$cmd" in
+ __conda_activate activate eegpt
+ '[' -n '' ']'
+ local ask_conda
++ PS1='(base) '
++ __conda_exe shell.posix activate eegpt
++ '[' -n '' ']'
++ /home/infres/ttran-25/miniconda3/bin/conda shell.posix activate eegpt
+ ask_conda='export _CE_M='\'''\''
export _CE_CONDA='\'''\''
PS1='\''(eegpt) '\''
export PATH='\''/home/infres/ttran-25/.local/bin:/home/infres/ttran-25/miniconda3/envs/eegpt/bin:/home/infres/ttran-25/miniconda3/condabin:/usr/local/sbin:/usr/local/bin:/usr/sbin:/usr/bin:/sbin:/bin:/usr/games:/usr/local/games:/snap/bin'\''
export CONDA_PREFIX='\''/home/infres/ttran-25/miniconda3/envs/eegpt'\''
export CONDA_SHLVL='\''2'\''
export CONDA_DEFAULT_ENV='\''eegpt'\''
export CONDA_PROMPT_MODIFIER='\''(eegpt) '\''
export CONDA_PREFIX_1='\''/home/infres/ttran-25/miniconda3'\''
export CONDA_EXE='\''/home/infres/ttran-25/miniconda3/bin/conda'\''
export _CONDA_EXE='\''/home/infres/ttran-25/miniconda3/bin/conda'\''
export CONDA_PYTHON_EXE='\''/home/infres/ttran-25/miniconda3/bin/python'\''
export _CONDA_ROOT='\''/home/infres/ttran-25/miniconda3'\''
. "/home/infres/ttran-25/miniconda3/envs/eegpt/etc/conda/activate.d/activate.sh"
. "/home/infres/ttran-25/miniconda3/envs/eegpt/etc/conda/activate.d/libglib_activate.sh"
. "/home/infres/ttran-25/miniconda3/envs/eegpt/etc/conda/activate.d/tesseract_activate.sh"'
+ eval 'export _CE_M='\'''\''
export _CE_CONDA='\'''\''
PS1='\''(eegpt) '\''
export PATH='\''/home/infres/ttran-25/.local/bin:/home/infres/ttran-25/miniconda3/envs/eegpt/bin:/home/infres/ttran-25/miniconda3/condabin:/usr/local/sbin:/usr/local/bin:/usr/sbin:/usr/bin:/sbin:/bin:/usr/games:/usr/local/games:/snap/bin'\''
export CONDA_PREFIX='\''/home/infres/ttran-25/miniconda3/envs/eegpt'\''
export CONDA_SHLVL='\''2'\''
export CONDA_DEFAULT_ENV='\''eegpt'\''
export CONDA_PROMPT_MODIFIER='\''(eegpt) '\''
export CONDA_PREFIX_1='\''/home/infres/ttran-25/miniconda3'\''
export CONDA_EXE='\''/home/infres/ttran-25/miniconda3/bin/conda'\''
export _CONDA_EXE='\''/home/infres/ttran-25/miniconda3/bin/conda'\''
export CONDA_PYTHON_EXE='\''/home/infres/ttran-25/miniconda3/bin/python'\''
export _CONDA_ROOT='\''/home/infres/ttran-25/miniconda3'\''
. "/home/infres/ttran-25/miniconda3/envs/eegpt/etc/conda/activate.d/activate.sh"
. "/home/infres/ttran-25/miniconda3/envs/eegpt/etc/conda/activate.d/libglib_activate.sh"
. "/home/infres/ttran-25/miniconda3/envs/eegpt/etc/conda/activate.d/tesseract_activate.sh"'
++ export _CE_M=
++ _CE_M=
++ export _CE_CONDA=
++ _CE_CONDA=
++ PS1='(eegpt) '
++ export PATH=/home/infres/ttran-25/.local/bin:/home/infres/ttran-25/miniconda3/envs/eegpt/bin:/home/infres/ttran-25/miniconda3/condabin:/usr/local/sbin:/usr/local/bin:/usr/sbin:/usr/bin:/sbin:/bin:/usr/games:/usr/local/games:/snap/bin
++ PATH=/home/infres/ttran-25/.local/bin:/home/infres/ttran-25/miniconda3/envs/eegpt/bin:/home/infres/ttran-25/miniconda3/condabin:/usr/local/sbin:/usr/local/bin:/usr/sbin:/usr/bin:/sbin:/bin:/usr/games:/usr/local/games:/snap/bin
++ export CONDA_PREFIX=/home/infres/ttran-25/miniconda3/envs/eegpt
++ CONDA_PREFIX=/home/infres/ttran-25/miniconda3/envs/eegpt
++ export CONDA_SHLVL=2
++ CONDA_SHLVL=2
++ export CONDA_DEFAULT_ENV=eegpt
++ CONDA_DEFAULT_ENV=eegpt
++ export 'CONDA_PROMPT_MODIFIER=(eegpt) '
++ CONDA_PROMPT_MODIFIER='(eegpt) '
++ export CONDA_PREFIX_1=/home/infres/ttran-25/miniconda3
++ CONDA_PREFIX_1=/home/infres/ttran-25/miniconda3
++ export CONDA_EXE=/home/infres/ttran-25/miniconda3/bin/conda
++ CONDA_EXE=/home/infres/ttran-25/miniconda3/bin/conda
++ export _CONDA_EXE=/home/infres/ttran-25/miniconda3/bin/conda
++ _CONDA_EXE=/home/infres/ttran-25/miniconda3/bin/conda
++ export CONDA_PYTHON_EXE=/home/infres/ttran-25/miniconda3/bin/python
++ CONDA_PYTHON_EXE=/home/infres/ttran-25/miniconda3/bin/python
++ export _CONDA_ROOT=/home/infres/ttran-25/miniconda3
++ _CONDA_ROOT=/home/infres/ttran-25/miniconda3
++ . /home/infres/ttran-25/miniconda3/envs/eegpt/etc/conda/activate.d/activate.sh
+++ export __EGL_VENDOR_LIBRARY_DIRS=/home/infres/ttran-25/miniconda3/envs/eegpt/share/glvnd/egl_vendor.d
+++ __EGL_VENDOR_LIBRARY_DIRS=/home/infres/ttran-25/miniconda3/envs/eegpt/share/glvnd/egl_vendor.d
++ . /home/infres/ttran-25/miniconda3/envs/eegpt/etc/conda/activate.d/libglib_activate.sh
+++ export GSETTINGS_SCHEMA_DIR_CONDA_BACKUP=
+++ GSETTINGS_SCHEMA_DIR_CONDA_BACKUP=
+++ export GSETTINGS_SCHEMA_DIR=/home/infres/ttran-25/miniconda3/envs/eegpt/share/glib-2.0/schemas
+++ GSETTINGS_SCHEMA_DIR=/home/infres/ttran-25/miniconda3/envs/eegpt/share/glib-2.0/schemas
++ . /home/infres/ttran-25/miniconda3/envs/eegpt/etc/conda/activate.d/tesseract_activate.sh
+++ export TESSDATA_PREFIX=/home/infres/ttran-25/miniconda3/envs/eegpt/share/tessdata/
+++ TESSDATA_PREFIX=/home/infres/ttran-25/miniconda3/envs/eegpt/share/tessdata/
+ __conda_hashr
+ '[' -n '' ']'
+ '[' -n '' ']'
+ hash -r
+ nvidia-smi
+ srun python -m src.pretrain --config-name config_pretrain_tuev
/home/infres/ttran-25/miniconda3/envs/eegpt/lib/python3.10/site-packages/lightning/fabric/__init__.py:36: UserWarning: pkg_resources is deprecated as an API. See https://setuptools.pypa.io/en/latest/pkg_resources.html. The pkg_resources package is slated for removal as early as 2025-11-30. Refrain from using this package or pin to Setuptools<81.
  __import__("pkg_resources").declare_namespace(__name__)
[rank: 0] Global seed set to 42
Missing logger folder: /home/infres/ttran-25/eegfm/outputs/pretraining_lmdb/eegpt/2026-05-12/09-52-12/tb_logs
GPU available: True (cuda), used: True
TPU available: False, using: 0 TPU cores
IPU available: False, using: 0 IPUs
HPU available: False, using: 0 HPUs
LOCAL_RANK: 0 - CUDA_VISIBLE_DEVICES: [0]

  | Name  | Type       | Params
-------------------------------------
0 | model | EEGPTModel | 51.4 M
-------------------------------------
32.4 M    Trainable params
19.0 M    Non-trainable params
51.4 M    Total params
205.462   Total estimated model params size (MB)
Loading `train_dataloader` to estimate number of stepping batches.
SLURM auto-requeueing enabled. Setting signal handlers.
Epoch 0, global step 109: 'valid_loss' reached 1.28879 (best 1.28879), saving model to '/home/infres/ttran-25/eegfm/outputs/pretraining_lmdb/eegpt/2026-05-12/09-52-12/checkpoints/best-epoch=0-valid_loss=1.2888.ckpt' as top 1
Epoch 1, global step 218: 'valid_loss' was not in top 1
Epoch 2, global step 327: 'valid_loss' was not in top 1
Epoch 3, global step 436: 'valid_loss' was not in top 1
Epoch 4, global step 545: 'valid_loss' reached 1.28094 (best 1.28094), saving model to '/home/infres/ttran-25/eegfm/outputs/pretraining_lmdb/eegpt/2026-05-12/09-52-12/checkpoints/best-epoch=4-valid_loss=1.2809.ckpt' as top 1
Epoch 5, global step 654: 'valid_loss' reached 1.26923 (best 1.26923), saving model to '/home/infres/ttran-25/eegfm/outputs/pretraining_lmdb/eegpt/2026-05-12/09-52-12/checkpoints/best-epoch=5-valid_loss=1.2692.ckpt' as top 1
Epoch 6, global step 763: 'valid_loss' reached 1.25020 (best 1.25020), saving model to '/home/infres/ttran-25/eegfm/outputs/pretraining_lmdb/eegpt/2026-05-12/09-52-12/checkpoints/best-epoch=6-valid_loss=1.2502.ckpt' as top 1
Epoch 7, global step 872: 'valid_loss' was not in top 1
Epoch 8, global step 981: 'valid_loss' was not in top 1
Epoch 9, global step 1090: 'valid_loss' reached 1.23770 (best 1.23770), saving model to '/home/infres/ttran-25/eegfm/outputs/pretraining_lmdb/eegpt/2026-05-12/09-52-12/checkpoints/best-epoch=9-valid_loss=1.2377.ckpt' as top 1
Epoch 10, global step 1199: 'valid_loss' reached 1.22989 (best 1.22989), saving model to '/home/infres/ttran-25/eegfm/outputs/pretraining_lmdb/eegpt/2026-05-12/09-52-12/checkpoints/best-epoch=10-valid_loss=1.2299.ckpt' as top 1
Epoch 11, global step 1308: 'valid_loss' reached 1.22844 (best 1.22844), saving model to '/home/infres/ttran-25/eegfm/outputs/pretraining_lmdb/eegpt/2026-05-12/09-52-12/checkpoints/best-epoch=11-valid_loss=1.2284.ckpt' as top 1
Epoch 12, global step 1417: 'valid_loss' reached 1.21085 (best 1.21085), saving model to '/home/infres/ttran-25/eegfm/outputs/pretraining_lmdb/eegpt/2026-05-12/09-52-12/checkpoints/best-epoch=12-valid_loss=1.2108.ckpt' as top 1
Epoch 13, global step 1526: 'valid_loss' was not in top 1
Epoch 14, global step 1635: 'valid_loss' was not in top 1
Epoch 15, global step 1744: 'valid_loss' was not in top 1
Epoch 16, global step 1853: 'valid_loss' reached 1.18809 (best 1.18809), saving model to '/home/infres/ttran-25/eegfm/outputs/pretraining_lmdb/eegpt/2026-05-12/09-52-12/checkpoints/best-epoch=16-valid_loss=1.1881.ckpt' as top 1
Epoch 17, global step 1962: 'valid_loss' reached 1.18387 (best 1.18387), saving model to '/home/infres/ttran-25/eegfm/outputs/pretraining_lmdb/eegpt/2026-05-12/09-52-12/checkpoints/best-epoch=17-valid_loss=1.1839.ckpt' as top 1
Epoch 18, global step 2071: 'valid_loss' reached 1.17634 (best 1.17634), saving model to '/home/infres/ttran-25/eegfm/outputs/pretraining_lmdb/eegpt/2026-05-12/09-52-12/checkpoints/best-epoch=18-valid_loss=1.1763.ckpt' as top 1
Epoch 19, global step 2180: 'valid_loss' was not in top 1
`Trainer.fit` stopped: `max_epochs=20` reached.
